Archive member included to satisfy reference by file (symbol)

app/libapp.a(main.c.obj)      (--whole-archive)
zephyr/libzephyr.a(validate_libc.c.obj)
                              (--whole-archive)
zephyr/libzephyr.a(heap.c.obj)
                              (--whole-archive)
zephyr/libzephyr.a(cbprintf_packaged.c.obj)
                              (--whole-archive)
zephyr/libzephyr.a(clock.c.obj)
                              (--whole-archive)
zephyr/libzephyr.a(printk.c.obj)
                              (--whole-archive)
zephyr/libzephyr.a(sem.c.obj)
                              (--whole-archive)
zephyr/libzephyr.a(thread_entry.c.obj)
                              (--whole-archive)
zephyr/libzephyr.a(cbprintf_complete.c.obj)
                              (--whole-archive)
zephyr/libzephyr.a(assert.c.obj)
                              (--whole-archive)
zephyr/libzephyr.a(dec.c.obj)
                              (--whole-archive)
zephyr/libzephyr.a(hex.c.obj)
                              (--whole-archive)
zephyr/libzephyr.a(rb.c.obj)  (--whole-archive)
zephyr/libzephyr.a(timeutil.c.obj)
                              (--whole-archive)
zephyr/libzephyr.a(bitarray.c.obj)
                              (--whole-archive)
zephyr/libzephyr.a(bitmask.c.obj)
                              (--whole-archive)
zephyr/libzephyr.a(ring_buffer.c.obj)
                              (--whole-archive)
zephyr/libzephyr.a(last_section_id.c.obj)
                              (--whole-archive)
zephyr/libzephyr.a(configs.c.obj)
                              (--whole-archive)
zephyr/libzephyr.a(stm32cube_hal.c.obj)
                              (--whole-archive)
zephyr/libzephyr.a(soc_config.c.obj)
                              (--whole-archive)
zephyr/libzephyr.a(soc.c.obj)
                              (--whole-archive)
zephyr/libzephyr.a(stats.c.obj)
                              (--whole-archive)
zephyr/libzephyr.a(stats_shell.c.obj)
                              (--whole-archive)
zephyr/libzephyr.a(tracing_none.c.obj)
                              (--whole-archive)
zephyr/libzephyr.a(kernel_shell.c.obj)
                              (--whole-archive)
zephyr/libzephyr.a(cycles.c.obj)
                              (--whole-archive)
zephyr/libzephyr.a(sleep.c.obj)
                              (--whole-archive)
zephyr/libzephyr.a(uptime.c.obj)
                              (--whole-archive)
zephyr/libzephyr.a(version.c.obj)
                              (--whole-archive)
zephyr/libzephyr.a(thread.c.obj)
                              (--whole-archive)
zephyr/libzephyr.a(list.c.obj)
                              (--whole-archive)
zephyr/libzephyr.a(stacks.c.obj)
                              (--whole-archive)
zephyr/libzephyr.a(suspend.c.obj)
                              (--whole-archive)
zephyr/libzephyr.a(resume.c.obj)
                              (--whole-archive)
zephyr/libzephyr.a(kill.c.obj)
                              (--whole-archive)
zephyr/libzephyr.a(device_service.c.obj)
                              (--whole-archive)
zephyr/libzephyr.a(date_service.c.obj)
                              (--whole-archive)
zephyr/libzephyr.a(devmem_service.c.obj)
                              (--whole-archive)
zephyr/libzephyr.a(shell_uart.c.obj)
                              (--whole-archive)
zephyr/libzephyr.a(shell.c.obj)
                              (--whole-archive)
zephyr/libzephyr.a(shell_fprintf.c.obj)
                              (--whole-archive)
zephyr/libzephyr.a(shell_utils.c.obj)
                              (--whole-archive)
zephyr/libzephyr.a(shell_ops.c.obj)
                              (--whole-archive)
zephyr/libzephyr.a(shell_help.c.obj)
                              (--whole-archive)
zephyr/libzephyr.a(shell_cmds.c.obj)
                              (--whole-archive)
zephyr/libzephyr.a(shell_history.c.obj)
                              (--whole-archive)
zephyr/libzephyr.a(shell_wildcard.c.obj)
                              (--whole-archive)
zephyr/arch/common/libarch__common.a(sw_isr_common.c.obj)
                              (--whole-archive)
zephyr/arch/common/libarch__common.a(init.c.obj)
                              (--whole-archive)
zephyr/arch/common/libarch__common.a(xip.c.obj)
                              (--whole-archive)
zephyr/arch/arch/arm/core/libarch__arm__core.a(fatal.c.obj)
                              (--whole-archive)
zephyr/arch/arch/arm/core/libarch__arm__core.a(nmi.c.obj)
                              (--whole-archive)
zephyr/arch/arch/arm/core/libarch__arm__core.a(nmi_on_reset.S.obj)
                              (--whole-archive)
zephyr/arch/arch/arm/core/libarch__arm__core.a(tls.c.obj)
                              (--whole-archive)
zephyr/arch/arch/arm/core/cortex_m/libarch__arm__core__cortex_m.a(exc_exit.c.obj)
                              (--whole-archive)
zephyr/arch/arch/arm/core/cortex_m/libarch__arm__core__cortex_m.a(fault.c.obj)
[...]
Memory Configuration

Name             Origin             Length             Attributes
FLASH            0x0000000008000000 0x0000000000040000 xr
RAM              0x0000000020000000 0x0000000000007800 xw
SRAM0            0x0000000020000000 0x0000000000007800 rw
IDT_LIST         0x00000000ffff7fff 0x0000000000008000 xw
*default*        0x0000000000000000 0xffffffffffffffff

Linker script and memory map

                0x00000000080086ec                vfprintf = __l_vfprintf
                0x0000000000000000                vfscanf = __l_vfscanf
LOAD zephyr/CMakeFiles/zephyr_pre0.dir/misc/empty_file.c.obj
LOAD zephyr/CMakeFiles/offsets.dir/./arch/arm/core/offsets/offsets.c.obj
LOAD app/libapp.a
LOAD zephyr/libzephyr.a
LOAD zephyr/arch/common/libarch__common.a
LOAD zephyr/arch/arch/arm/core/libarch__arm__core.a
LOAD zephyr/arch/arch/arm/core/cortex_m/libarch__arm__core__cortex_m.a
LOAD zephyr/lib/libc/picolibc/liblib__libc__picolibc.a
LOAD zephyr/lib/libc/common/liblib__libc__common.a
LOAD zephyr/lib/posix/options/liblib__posix__options.a
LOAD zephyr/drivers/interrupt_controller/libdrivers__interrupt_controller.a
LOAD zephyr/drivers/can/libdrivers__can.a
LOAD zephyr/drivers/can/transceiver/libdrivers__can__transceiver.a
LOAD zephyr/drivers/clock_control/libdrivers__clock_control.a
LOAD zephyr/drivers/console/libdrivers__console.a
LOAD zephyr/drivers/gpio/libdrivers__gpio.a
LOAD zephyr/drivers/pinctrl/libdrivers__pinctrl.a
LOAD zephyr/drivers/reset/libdrivers__reset.a
LOAD zephyr/drivers/serial/libdrivers__serial.a
LOAD zephyr/drivers/timer/libdrivers__timer.a
LOAD modules/hal_stm32/stm32cube/lib..__modules__hal__stm32__stm32cube.a
LOAD zephyr/kernel/libkernel.a
LOAD zephyr/arch/common/libisr_tables.a
LOAD /home/yeet/zephyr-sdk-0.17.4/arm-zephyr-eabi/bin/../lib/gcc/../../picolibc/arm-zephyr-eabi/lib/thumb/v6-m/nofp/libc.a
LOAD /home/yeet/zephyr-sdk-0.17.4/arm-zephyr-eabi/bin/../lib/gcc/arm-zephyr-eabi/12.2.0/thumb/v6-m/nofp/libgcc.a
                0x0000000000000004                _region_min_align = 0x4

.rel.plt        0x0000000008000000        0x0
 *(SORT_BY_ALIGNMENT(.rel.plt))
                [!provide]                        PROVIDE (__rel_iplt_start = .)
 *(SORT_BY_ALIGNMENT(.rel.iplt))
 .rel.iplt      0x0000000008000000        0x0 app/libapp.a(main.c.obj)
                [!provide]                        PROVIDE (__rel_iplt_end = .)

.rela.plt       0x0000000000000000        0x0
 *(SORT_BY_ALIGNMENT(.rela.plt))
                [!provide]                        PROVIDE (__rela_iplt_start = .)
 *(SORT_BY_ALIGNMENT(.rela.iplt))
                [!provide]                        PROVIDE (__rela_iplt_end = .)

.rel.dyn
 *(SORT_BY_ALIGNMENT(.rel.*))

.rela.dyn
 *(SORT_BY_ALIGNMENT(.rela.*))

/DISCARD/
 *(SORT_BY_ALIGNMENT(.plt))

/DISCARD/
 *(SORT_BY_ALIGNMENT(.iplt))
                0x0000000008000000                __rom_region_start = 0x8000000

rom_start       0x0000000008000000       0xc0
                0x0000000008000000                __rom_start_address = .
 FILL mask 0x00
                0x0000000008000000                . = (. + (0x0 - (. - __rom_start_address)))
                0x0000000008000000                . = ALIGN (0x4)
                0x0000000008000000                . = ALIGN (0x100)
                0x0000000008000000                . = ALIGN (0x100)
                0x0000000008000000                _vector_start = .
 *(SORT_BY_ALIGNMENT(.exc_vector_table))
 *(SORT_BY_ALIGNMENT(.exc_vector_table.*))
 .exc_vector_table._vector_table_section
                0x0000000008000000       0x40 zephyr/arch/arch/arm/core/cortex_m/libarch__arm__core__cortex_m.a(vector_table.S.obj)
                0x0000000008000000                _vector_table
 *(SORT_BY_ALIGNMENT(.vectors))
                0x00000000080000c0                _vector_end = .
                0x0000000008000040                . = ALIGN (0x4)
 *(SORT_BY_ALIGNMENT(.gnu.linkonce.irq_vector_table*))
 .gnu.linkonce.irq_vector_table
                0x0000000008000040       0x80 zephyr/arch/common/libisr_tables.a(isr_tables.c.obj)
                0x0000000008000040                _irq_vector_table
                0x00000000080000c0                _vector_end = .

text            0x00000000080000c0     0xb8b4
                0x00000000080000c0                __text_region_start = .
 *(SORT_BY_ALIGNMENT(.text))
 .text          0x00000000080000c0       0x14 /home/yeet/zephyr-sdk-0.17.4/arm-zephyr-eabi/bin/../lib/gcc/arm-zephyr-eabi/12.2.0/thumb/v6-m/nofp/libgcc.a(_thumb1_case_uqi.o)
                0x00000000080000c0                __gnu_thumb1_case_uqi
 .text          0x00000000080000d4       0x14 /home/yeet/zephyr-sdk-0.17.4/arm-zephyr-eabi/bin/../lib/gcc/arm-zephyr-eabi/12.2.0/thumb/v6-m/nofp/libgcc.a(_thumb1_case_shi.o)
                0x00000000080000d4                __gnu_thumb1_case_shi
 .text          0x00000000080000e8       0x14 /home/yeet/zephyr-sdk-0.17.4/arm-zephyr-eabi/bin/../lib/gcc/arm-zephyr-eabi/12.2.0/thumb/v6-m/nofp/libgcc.a(_thumb1_case_uhi.o)
                0x00000000080000e8                __gnu_thumb1_case_uhi
 .text          0x00000000080000fc       0x8c /home/yeet/zephyr-sdk-0.17.4/arm-zephyr-eabi/bin/../lib/gcc/arm-zephyr-eabi/12.2.0/thumb/v6-m/nofp/libgcc.a(_udivsi3.o)
                0x00000000080000fc                __udivsi3
                0x00000000080000fc                __aeabi_uidiv
                0x0000000008000174                __aeabi_uidivmod
 .text          0x0000000008000188       0xa8 /home/yeet/zephyr-sdk-0.17.4/arm-zephyr-eabi/bin/../lib/gcc/arm-zephyr-eabi/12.2.0/thumb/v6-m/nofp/libgcc.a(_divsi3.o)
                0x0000000008000188                __aeabi_idiv
                0x0000000008000188                __divsi3
                0x000000000800021c                __aeabi_idivmod
 .text          0x0000000008000230        0x4 /home/yeet/zephyr-sdk-0.17.4/arm-zephyr-eabi/bin/../lib/gcc/arm-zephyr-eabi/12.2.0/thumb/v6-m/nofp/libgcc.a(_dvmd_tls.o)
                0x0000000008000230                __aeabi_ldiv0
                0x0000000008000230                __aeabi_idiv0
 .text          0x0000000008000234       0x3c /home/yeet/zephyr-sdk-0.17.4/arm-zephyr-eabi/bin/../lib/gcc/arm-zephyr-eabi/12.2.0/thumb/v6-m/nofp/libgcc.a(_clzsi2.o)
                0x0000000008000234                __clzsi2
 .text          0x0000000008000270       0x48 /home/yeet/zephyr-sdk-0.17.4/arm-zephyr-eabi/bin/../lib/gcc/arm-zephyr-eabi/12.2.0/thumb/v6-m/nofp/libgcc.a(_aeabi_ldivmod.o)
                0x0000000008000270                __aeabi_ldivmod
 .text          0x00000000080002b8       0x40 /home/yeet/zephyr-sdk-0.17.4/arm-zephyr-eabi/bin/../lib/gcc/arm-zephyr-eabi/12.2.0/thumb/v6-m/nofp/libgcc.a(_aeabi_uldivmod.o)
                0x00000000080002b8                __aeabi_uldivmod
 .text          0x00000000080002f8       0x18 /home/yeet/zephyr-sdk-0.17.4/arm-zephyr-eabi/bin/../lib/gcc/arm-zephyr-eabi/12.2.0/thumb/v6-m/nofp/libgcc.a(_lshrdi3.o)
                0x00000000080002f8                __aeabi_llsr
                0x00000000080002f8                __lshrdi3
 .text          0x0000000008000310       0x18 /home/yeet/zephyr-sdk-0.17.4/arm-zephyr-eabi/bin/../lib/gcc/arm-zephyr-eabi/12.2.0/thumb/v6-m/nofp/libgcc.a(_ashldi3.o)
                0x0000000008000310                __ashldi3
                0x0000000008000310                __aeabi_llsl
 .text          0x0000000008000328       0x18 /home/yeet/zephyr-sdk-0.17.4/arm-zephyr-eabi/bin/../lib/gcc/arm-zephyr-eabi/12.2.0/thumb/v6-m/nofp/libgcc.a(_clzdi2.o)
                0x0000000008000328                __clzdi2
 .text          0x0000000008000340       0x14 /home/yeet/zephyr-sdk-0.17.4/arm-zephyr-eabi/bin/../lib/gcc/../../picolibc/arm-zephyr-eabi/lib/thumb/v6-m/nofp/libc.a(strcmp.S.o)
                0x0000000008000340                strcmp
 .text          0x0000000008000354       0x10 /home/yeet/zephyr-sdk-0.17.4/arm-zephyr-eabi/bin/../lib/gcc/../../picolibc/arm-zephyr-eabi/lib/thumb/v6-m/nofp/libc.a(strcpy.S.o)
                0x0000000008000354                strcpy
 .text          0x0000000008000364        0xe /home/yeet/zephyr-sdk-0.17.4/arm-zephyr-eabi/bin/../lib/gcc/../../picolibc/arm-zephyr-eabi/lib/thumb/v6-m/nofp/libc.a(strlen.S.o)
                0x0000000008000364                strlen
 .text          0x0000000008000372       0x44 /home/yeet/zephyr-sdk-0.17.4/arm-zephyr-eabi/bin/../lib/gcc/arm-zephyr-eabi/12.2.0/thumb/v6-m/nofp/libgcc.a(_muldi3.o)
                0x0000000008000372                __aeabi_lmul
                0x0000000008000372                __muldi3
 .text          0x00000000080003b6       0xde /home/yeet/zephyr-sdk-0.17.4/arm-zephyr-eabi/bin/../lib/gcc/arm-zephyr-eabi/12.2.0/thumb/v6-m/nofp/libgcc.a(_udivmoddi4.o)
                0x00000000080003b6                __udivmoddi4
 .text          0x0000000008000494       0x30 /home/yeet/zephyr-sdk-0.17.4/arm-zephyr-eabi/bin/../lib/gcc/arm-zephyr-eabi/12.2.0/thumb/v6-m/nofp/libgcc.a(bpabi.o)
                0x0000000008000494                __gnu_ldivmod_helper
 .text          0x00000000080004c4      0x142 /home/yeet/zephyr-sdk-0.17.4/arm-zephyr-eabi/bin/../lib/gcc/arm-zephyr-eabi/12.2.0/thumb/v6-m/nofp/libgcc.a(_divdi3.o)
                0x00000000080004c4                __divdi3
 *(SORT_BY_ALIGNMENT(.text.*))
 *fill*         0x0000000008000606        0x2 
 .text.state_change_callback
                0x0000000008000608       0x28 app/libapp.a(main.c.obj)
                0x0000000008000608                state_change_callback
 .text.tx_irq_callback
                0x0000000008000630       0x14 app/libapp.a(main.c.obj)
                0x0000000008000630                tx_irq_callback
 .text.change_led_work_handler
                0x0000000008000644       0x98 app/libapp.a(main.c.obj)
                0x0000000008000644                change_led_work_handler
 .text.rx_thread
                0x00000000080006dc       0x68 app/libapp.a(main.c.obj)
                0x00000000080006dc                rx_thread
 .text.state_to_str
                0x0000000008000744       0x18 app/libapp.a(main.c.obj)
                0x0000000008000744                state_to_str
 .text.poll_state_thread
                0x000000000800075c       0x74 app/libapp.a(main.c.obj)
                0x000000000800075c                poll_state_thread
 .text.state_change_work_handler
                0x00000000080007d0       0x28 app/libapp.a(main.c.obj)
                0x00000000080007d0                state_change_work_handler
 .text.main     0x00000000080007f8      0x270 app/libapp.a(main.c.obj)
                0x00000000080007f8                main
 .text.timespec_add
                0x0000000008000a68       0x68 zephyr/libzephyr.a(clock.c.obj)
 .text.z_impl_sys_clock_getrtoffset
                0x0000000008000ad0       0x20 zephyr/libzephyr.a(clock.c.obj)
                0x0000000008000ad0                z_impl_sys_clock_getrtoffset
 .text.sys_clock_gettime
                0x0000000008000af0       0x70 zephyr/libzephyr.a(clock.c.obj)
                0x0000000008000af0                sys_clock_gettime
 .text.z_impl_sys_clock_settime
                0x0000000008000b60       0x70 zephyr/libzephyr.a(clock.c.obj)
                0x0000000008000b60                z_impl_sys_clock_settime
 .text.char_out
                0x0000000008000bd0       0x10 zephyr/libzephyr.a(printk.c.obj)
 .text.__printk_hook_install
                0x0000000008000be0        0xc zephyr/libzephyr.a(printk.c.obj)
                0x0000000008000be0                __printk_hook_install
 .text.vprintk  0x0000000008000bec       0x30 zephyr/libzephyr.a(printk.c.obj)
                0x0000000008000bec                vprintk
 .text.z_thread_entry
                0x0000000008000c1c       0x30 zephyr/libzephyr.a(thread_entry.c.obj)
                0x0000000008000c1c                z_thread_entry
 .text.timeutil_timegm64
                0x0000000008000c4c      0x11c zephyr/libzephyr.a(timeutil.c.obj)
                0x0000000008000c4c                timeutil_timegm64
 .text.timeutil_timegm
                0x0000000008000d68       0x1c zephyr/libzephyr.a(timeutil.c.obj)
                0x0000000008000d68                timeutil_timegm
 .text.timespec_normalize
                0x0000000008000d84       0xa0 zephyr/libzephyr.a(timeutil.c.obj)
                0x0000000008000d84                timespec_normalize
 .text.st_stm32_common_config
                0x0000000008000e24       0x3c zephyr/libzephyr.a(soc_config.c.obj)
 .text.soc_early_init_hook
                0x0000000008000e60       0x48 zephyr/libzephyr.a(soc.c.obj)
                0x0000000008000e60                soc_early_init_hook
 .text.stats_group_walk
                0x0000000008000ea8       0x24 zephyr/libzephyr.a(stats.c.obj)
                0x0000000008000ea8                stats_group_walk
 .text.stats_register
                0x0000000008000ecc       0x3c zephyr/libzephyr.a(stats.c.obj)
                0x0000000008000ecc                stats_register
 .text.cmd_stats_list
                0x0000000008000f08       0x14 zephyr/libzephyr.a(stats_shell.c.obj)
 .text.stats_cb
                0x0000000008000f1c       0x40 zephyr/libzephyr.a(stats_shell.c.obj)
 .text.stats_group_cb
                0x0000000008000f5c       0x28 zephyr/libzephyr.a(stats_shell.c.obj)
 .text.cmd_kernel_cycles
                0x0000000008000f84       0x1c zephyr/libzephyr.a(cycles.c.obj)
 .text.cmd_kernel_sleep
                0x0000000008000fa0       0x44 zephyr/libzephyr.a(sleep.c.obj)
 .text.cmd_kernel_uptime
                0x0000000008000fe4       0xdc zephyr/libzephyr.a(uptime.c.obj)
 .text.cmd_kernel_version
                0x00000000080010c0       0x18 zephyr/libzephyr.a(version.c.obj)
 .text.z_thread_is_valid
                0x00000000080010d8       0x1c zephyr/libzephyr.a(thread.c.obj)
                0x00000000080010d8                z_thread_is_valid
 .text.cmd_kernel_thread_list
                0x00000000080010f4       0x34 zephyr/libzephyr.a(list.c.obj)
 .text.shell_tdata_dump
                0x0000000008001128       0xc4 zephyr/libzephyr.a(list.c.obj)
 .text.cmd_kernel_thread_stacks
                0x00000000080011ec       0x6c zephyr/libzephyr.a(stacks.c.obj)
 .text.shell_stack_dump
                0x0000000008001258       0x68 zephyr/libzephyr.a(stacks.c.obj)
 .text.cmd_kernel_thread_suspend
                0x00000000080012c0       0x64 zephyr/libzephyr.a(suspend.c.obj)
 .text.cmd_kernel_thread_resume
                0x0000000008001324       0x64 zephyr/libzephyr.a(resume.c.obj)
 .text.cmd_kernel_thread_kill
                0x0000000008001388       0x64 zephyr/libzephyr.a(kill.c.obj)
 .text.device_name_lookup
                0x00000000080013ec       0x24 zephyr/libzephyr.a(device_service.c.obj)
 .text.device_name_get_non_ready
                0x0000000008001410       0x24 zephyr/libzephyr.a(device_service.c.obj)
 .text.cmd_device_init
                0x0000000008001434       0x64 zephyr/libzephyr.a(device_service.c.obj)
 .text.cmd_device_list
                0x0000000008001498       0xf0 zephyr/libzephyr.a(device_service.c.obj)
 .text.date_print
                0x0000000008001588       0x34 zephyr/libzephyr.a(date_service.c.obj)
 .text.get_h_m_s
                0x00000000080015bc       0x94 zephyr/libzephyr.a(date_service.c.obj)
 .text.cmd_date_set
                0x0000000008001650      0x10c zephyr/libzephyr.a(date_service.c.obj)
 .text.cmd_devmem
                0x000000000800175c       0xc0 zephyr/libzephyr.a(devmem_service.c.obj)
 .text.cmd_dump
                0x000000000800181c      0x14c zephyr/libzephyr.a(devmem_service.c.obj)
 .text.set_bypass.isra.0
                0x0000000008001968       0x4c zephyr/libzephyr.a(devmem_service.c.obj)
 .text.bypass_cb
                0x00000000080019b4      0x120 zephyr/libzephyr.a(devmem_service.c.obj)
 .text.cmd_load
                0x0000000008001ad4       0xc4 zephyr/libzephyr.a(devmem_service.c.obj)
 .text.enable_shell_uart
                0x0000000008001b98       0x38 zephyr/libzephyr.a(shell_uart.c.obj)
 .text.init     0x0000000008001bd0       0x58 zephyr/libzephyr.a(shell_uart.c.obj)
 .text.shell_internal_help_print
                0x0000000008001c28       0x20 zephyr/libzephyr.a(shell.c.obj)
 .text.kill_handler
                0x0000000008001c48       0x54 zephyr/libzephyr.a(shell.c.obj)
 .text.z_cursor_next_line_move.isra.0
                0x0000000008001c9c       0x10 zephyr/libzephyr.a(shell.c.obj)
 .text.z_flag_cmd_ctx_set.isra.0
                0x0000000008001cac       0x24 zephyr/libzephyr.a(shell.c.obj)
 .text.execute  0x0000000008001cd0      0x2e0 zephyr/libzephyr.a(shell.c.obj)
 .text.history_handle
                0x0000000008001fb0       0xb8 zephyr/libzephyr.a(shell.c.obj)
 .text.state_set.constprop.0
                0x0000000008002068       0x50 zephyr/libzephyr.a(shell.c.obj)
 .text.shell_process
                0x00000000080020b8      0x6b0 zephyr/libzephyr.a(shell.c.obj)
                0x00000000080020b8                shell_process
 .text.shell_thread
                0x0000000008002768       0x94 zephyr/libzephyr.a(shell.c.obj)
                0x0000000008002768                shell_thread
 .text.cmd_help
                0x00000000080027fc       0x44 zephyr/libzephyr.a(shell.c.obj)
 .text.shell_hexdump_line
                0x0000000008002840       0xd0 zephyr/libzephyr.a(shell.c.obj)
                0x0000000008002840                shell_hexdump_line
 .text.shell_init
                0x0000000008002910       0xd4 zephyr/libzephyr.a(shell.c.obj)
                0x0000000008002910                shell_init
 .text.z_shell_fprintf_fmt
                0x00000000080029e4       0x24 zephyr/libzephyr.a(shell_fprintf.c.obj)
                0x00000000080029e4                z_shell_fprintf_fmt
 .text.z_shell_cmd_get
                0x0000000008002a08       0x78 zephyr/libzephyr.a(shell_utils.c.obj)
                0x0000000008002a08                z_shell_cmd_get
 .text.shell_strtoul
                0x0000000008002a80       0x4c zephyr/libzephyr.a(shell_utils.c.obj)
                0x0000000008002a80                shell_strtoul
 .text.z_clear_eos
                0x0000000008002acc       0x1c zephyr/libzephyr.a(shell_ops.c.obj)
 .text.z_cursor_next_line_move.isra.0
                0x0000000008002ae8       0x10 zephyr/libzephyr.a(shell_ops.c.obj)
 .text.z_shell_op_cursor_vert_move
                0x0000000008002af8       0x2c zephyr/libzephyr.a(shell_ops.c.obj)
                0x0000000008002af8                z_shell_op_cursor_vert_move
 .text.z_shell_op_cursor_horiz_move
                0x0000000008002b24       0x2c zephyr/libzephyr.a(shell_ops.c.obj)
                0x0000000008002b24                z_shell_op_cursor_horiz_move
 .text.z_shell_print_cmd
                0x0000000008002b50       0x70 zephyr/libzephyr.a(shell_ops.c.obj)
                0x0000000008002b50                z_shell_print_cmd
 .text.z_shell_vt100_color_set
                0x0000000008002bc0       0x44 zephyr/libzephyr.a(shell_ops.c.obj)
                0x0000000008002bc0                z_shell_vt100_color_set
 .text.z_shell_vt100_colors_restore
                0x0000000008002c04       0x38 zephyr/libzephyr.a(shell_ops.c.obj)
                0x0000000008002c04                z_shell_vt100_colors_restore
 .text.z_shell_op_word_remove
                0x0000000008002c3c       0xc4 zephyr/libzephyr.a(shell_ops.c.obj)
                0x0000000008002c3c                z_shell_op_word_remove
 .text.reprint_from_cursor
                0x0000000008002d00      0x100 zephyr/libzephyr.a(shell_ops.c.obj)
 .text.z_shell_op_char_insert
                0x0000000008002e00       0x70 zephyr/libzephyr.a(shell_ops.c.obj)
                0x0000000008002e00                z_shell_op_char_insert
 .text.z_shell_print_prompt_and_cmd
                0x0000000008002e70       0x2c zephyr/libzephyr.a(shell_ops.c.obj)
                0x0000000008002e70                z_shell_print_prompt_and_cmd
 .text.z_cursor_next_line_move.isra.0
                0x0000000008002e9c       0x10 zephyr/libzephyr.a(shell_help.c.obj)
 .text.formatted_structured_help_print
                0x0000000008002eac       0x40 zephyr/libzephyr.a(shell_help.c.obj)
 .text.z_shell_help_subcmd_print
                0x0000000008002eec       0xd4 zephyr/libzephyr.a(shell_help.c.obj)
                0x0000000008002eec                z_shell_help_subcmd_print
 .text.z_shell_help_cmd_print
                0x0000000008002fc0       0x5c zephyr/libzephyr.a(shell_help.c.obj)
                0x0000000008002fc0                z_shell_help_cmd_print
 .text.z_shell_help_request
                0x000000000800301c       0x2c zephyr/libzephyr.a(shell_help.c.obj)
                0x000000000800301c                z_shell_help_request
 .text.cmd_resize_default
                0x0000000008003048       0x2c zephyr/libzephyr.a(shell_cmds.c.obj)
 .text.cmd_shell_stats_show
                0x0000000008003074       0x14 zephyr/libzephyr.a(shell_cmds.c.obj)
 .text.cmd_backends
                0x0000000008003088       0x40 zephyr/libzephyr.a(shell_cmds.c.obj)
 .text.cmd_prompt_off
                0x00000000080030c8       0x10 zephyr/libzephyr.a(shell_cmds.c.obj)
 .text.cmd_history
                0x00000000080030d8       0x40 zephyr/libzephyr.a(shell_cmds.c.obj)
 .text.cmd_get_retval
                0x0000000008003118       0x1c zephyr/libzephyr.a(shell_cmds.c.obj)
 .text.cmd_echo
                0x0000000008003134       0x48 zephyr/libzephyr.a(shell_cmds.c.obj)
 .text.cmd_clear
                0x000000000800317c       0x34 zephyr/libzephyr.a(shell_cmds.c.obj)
 .text.cmd_resize
                0x00000000080031b0      0x1d8 zephyr/libzephyr.a(shell_cmds.c.obj)
 .text.z_shell_wildcard_process
                0x0000000008003388       0xd4 zephyr/libzephyr.a(shell_wildcard.c.obj)
                0x0000000008003388                z_shell_wildcard_process
 .text.arch_bss_zero
                0x000000000800345c       0x18 zephyr/arch/common/libarch__common.a(init.c.obj)
                0x000000000800345c                arch_bss_zero
 .text.arch_data_copy
                0x0000000008003474       0x34 zephyr/arch/common/libarch__common.a(xip.c.obj)
                0x0000000008003474                arch_data_copy
 .text.z_arm_fatal_error
                0x00000000080034a8       0x60 zephyr/arch/arch/arm/core/libarch__arm__core.a(fatal.c.obj)
                0x00000000080034a8                z_arm_fatal_error
 .text.z_SysNmiOnReset
                0x0000000008003508        0x4 zephyr/arch/arch/arm/core/libarch__arm__core.a(nmi_on_reset.S.obj)
                0x0000000008003508                z_SysNmiOnReset
 .text.arch_tls_stack_setup
                0x000000000800350c       0x3c zephyr/arch/arch/arm/core/libarch__arm__core.a(tls.c.obj)
                0x000000000800350c                arch_tls_stack_setup
 .text._HandlerModeExit
                0x0000000008003548       0x20 zephyr/arch/arch/arm/core/cortex_m/libarch__arm__core__cortex_m.a(exc_exit.c.obj)
                0x0000000008003548                z_arm_exc_exit
                0x0000000008003548                z_arm_int_exit
 .text.z_arm_fault
                0x0000000008003568       0xec zephyr/arch/arch/arm/core/cortex_m/libarch__arm__core__cortex_m.a(fault.c.obj)
                0x0000000008003568                z_arm_fault
 .text.z_arm_fault_init
                0x0000000008003654       0x10 zephyr/arch/arch/arm/core/cortex_m/libarch__arm__core__cortex_m.a(fault.c.obj)
                0x0000000008003654                z_arm_fault_init
 .text.__fault  0x0000000008003664       0x14 zephyr/arch/arch/arm/core/cortex_m/libarch__arm__core__cortex_m.a(fault_s.S.obj)
                0x0000000008003664                z_arm_exc_spurious
                0x0000000008003664                z_arm_hard_fault
 .text._reset_section
                0x0000000008003678       0x40 zephyr/arch/arch/arm/core/cortex_m/libarch__arm__core__cortex_m.a(reset.S.obj)
                0x0000000008003678                z_arm_reset
                0x0000000008003678                __start
 .text.z_impl_k_thread_abort
                0x00000000080036b8       0x38 zephyr/arch/arch/arm/core/cortex_m/libarch__arm__core__cortex_m.a(thread_abort.c.obj)
                0x00000000080036b8                z_impl_k_thread_abort
 .text.z_arm_pendsv
                0x00000000080036f0       0x78 zephyr/arch/arch/arm/core/cortex_m/libarch__arm__core__cortex_m.a(swap_helper.S.obj)
                0x00000000080036f0                z_arm_pendsv
 .text.z_arm_svc
                0x0000000008003768       0x28 zephyr/arch/arch/arm/core/cortex_m/libarch__arm__core__cortex_m.a(swap_helper.S.obj)
                0x0000000008003768                z_arm_svc
 .text.arm_irq_enable
                0x0000000008003790       0x18 zephyr/arch/arch/arm/core/cortex_m/libarch__arm__core__cortex_m.a(irq_manage.c.obj)
                0x0000000008003790                arm_irq_enable
 .text.arm_irq_priority_set
                0x00000000080037a8       0x54 zephyr/arch/arch/arm/core/cortex_m/libarch__arm__core__cortex_m.a(irq_manage.c.obj)
                0x00000000080037a8                arm_irq_priority_set
 .text.relocate_vector_table
                0x00000000080037fc       0x1c zephyr/arch/arch/arm/core/cortex_m/libarch__arm__core__cortex_m.a(prep_c.c.obj)
                0x00000000080037fc                relocate_vector_table
 .text.arch_new_thread
                0x0000000008003818       0x30 zephyr/arch/arch/arm/core/cortex_m/libarch__arm__core__cortex_m.a(thread.c.obj)
                0x0000000008003818                arch_new_thread
 .text.arch_switch_to_main_thread
                0x0000000008003848       0x3c zephyr/arch/arch/arm/core/cortex_m/libarch__arm__core__cortex_m.a(thread.c.obj)
                0x0000000008003848                arch_switch_to_main_thread
 .text.z_arm_cpu_idle_init
                0x0000000008003884        0xc zephyr/arch/arch/arm/core/cortex_m/libarch__arm__core__cortex_m.a(cpu_idle.c.obj)
                0x0000000008003884                z_arm_cpu_idle_init
 .text.z_arm_interrupt_init
                0x0000000008003890       0x30 zephyr/arch/arch/arm/core/cortex_m/libarch__arm__core__cortex_m.a(irq_init.c.obj)
                0x0000000008003890                z_arm_interrupt_init
 .text._isr_wrapper
                0x00000000080038c0       0x20 zephyr/arch/arch/arm/core/cortex_m/libarch__arm__core__cortex_m.a(isr_wrapper.c.obj)
                0x00000000080038c0                _isr_wrapper
 .text.cbvprintf
                0x00000000080038e0       0x38 zephyr/lib/libc/picolibc/liblib__libc__picolibc.a(cbprintf.c.obj)
                0x00000000080038e0                cbvprintf
 .text.z_impl_zephyr_fputc
                0x0000000008003918       0x10 zephyr/lib/libc/picolibc/liblib__libc__picolibc.a(stdio.c.obj)
                0x0000000008003918                z_impl_zephyr_fputc
 .text.__stdout_hook_install
                0x0000000008003928       0x18 zephyr/lib/libc/picolibc/liblib__libc__picolibc.a(stdio.c.obj)
                0x0000000008003928                __stdout_hook_install
 .text.malloc_prepare
                0x0000000008003940       0x24 zephyr/lib/libc/common/liblib__libc__common.a(malloc.c.obj)
 .text.getopt_init
                0x0000000008003964       0x48 zephyr/lib/posix/options/liblib__posix__options.a(getopt.c.obj)
                0x0000000008003964                getopt_init
 .text.getopt   0x00000000080039ac       0xfc zephyr/lib/posix/options/liblib__posix__options.a(getopt.c.obj)
                0x00000000080039ac                getopt
 .text.z_getopt_global_state_update
                0x0000000008003aa8       0x34 zephyr/lib/posix/options/liblib__posix__options.a(getopt_common.c.obj)
                0x0000000008003aa8                z_getopt_global_state_update
 .text.getopt_state_get
                0x0000000008003adc        0x8 zephyr/lib/posix/options/liblib__posix__options.a(getopt_common.c.obj)
                0x0000000008003adc                getopt_state_get
 .text.stm32_intc_gpio_isr
                0x0000000008003ae4       0x48 zephyr/drivers/interrupt_controller/libdrivers__interrupt_controller.a(intc_gpio_stm32.c.obj)
 .text.stm32_exti_gpio_intc_init
                0x0000000008003b2c       0x40 zephyr/drivers/interrupt_controller/libdrivers__interrupt_controller.a(intc_gpio_stm32.c.obj)
 .text.stm32_gpio_intc_enable_line
                0x0000000008003b6c       0x30 zephyr/drivers/interrupt_controller/libdrivers__interrupt_controller.a(intc_gpio_stm32.c.obj)
                0x0000000008003b6c                stm32_gpio_intc_enable_line
 .text.stm32_gpio_intc_disable_line
                0x0000000008003b9c       0x10 zephyr/drivers/interrupt_controller/libdrivers__interrupt_controller.a(intc_gpio_stm32.c.obj)
                0x0000000008003b9c                stm32_gpio_intc_disable_line
 .text.stm32_gpio_intc_select_line_trigger
                0x0000000008003bac       0x48 zephyr/drivers/interrupt_controller/libdrivers__interrupt_controller.a(intc_gpio_stm32.c.obj)
                0x0000000008003bac                stm32_gpio_intc_select_line_trigger
 .text.stm32_gpio_intc_set_irq_callback
                0x0000000008003bf4       0x40 zephyr/drivers/interrupt_controller/libdrivers__interrupt_controller.a(intc_gpio_stm32.c.obj)
                0x0000000008003bf4                stm32_gpio_intc_set_irq_callback
 .text.stm32_gpio_intc_remove_irq_callback
                0x0000000008003c34       0x24 zephyr/drivers/interrupt_controller/libdrivers__interrupt_controller.a(intc_gpio_stm32.c.obj)
                0x0000000008003c34                stm32_gpio_intc_remove_irq_callback
 .text.stm32_exti_set_line_src_port
                0x0000000008003c58       0x30 zephyr/drivers/interrupt_controller/libdrivers__interrupt_controller.a(intc_gpio_stm32.c.obj)
                0x0000000008003c58                stm32_exti_set_line_src_port
 .text.stm32_exti_get_line_src_port
                0x0000000008003c88       0x28 zephyr/drivers/interrupt_controller/libdrivers__interrupt_controller.a(intc_gpio_stm32.c.obj)
                0x0000000008003c88                stm32_exti_get_line_src_port
 .text.stm32_exti_init
                0x0000000008003cb0       0x34 zephyr/drivers/interrupt_controller/libdrivers__interrupt_controller.a(intc_exti_stm32.c.obj)
 .text.stm32_exti_is_pending
                0x0000000008003ce4       0x2c zephyr/drivers/interrupt_controller/libdrivers__interrupt_controller.a(intc_exti_stm32.c.obj)
                0x0000000008003ce4                stm32_exti_is_pending
 .text.stm32_exti_clear_pending
                0x0000000008003d10       0x20 zephyr/drivers/interrupt_controller/libdrivers__interrupt_controller.a(intc_exti_stm32.c.obj)
                0x0000000008003d10                stm32_exti_clear_pending
 .text.z_impl_can_send
                0x0000000008003d30       0x84 zephyr/drivers/can/libdrivers__can.a(can_common.c.obj)
                0x0000000008003d30                z_impl_can_send
 .text.can_add_rx_filter
                0x0000000008003db4       0x40 zephyr/drivers/can/libdrivers__can.a(can_common.c.obj)
                0x0000000008003db4                can_add_rx_filter
 .text.z_impl_can_add_rx_filter_msgq
                0x0000000008003df4       0x18 zephyr/drivers/can/libdrivers__can.a(can_common.c.obj)
                0x0000000008003df4                z_impl_can_add_rx_filter_msgq
 .text.z_impl_can_calc_timing
                0x0000000008003e0c      0x208 zephyr/drivers/can/libdrivers__can.a(can_common.c.obj)
                0x0000000008003e0c                z_impl_can_calc_timing
 .text.z_impl_can_set_bitrate
                0x0000000008004014       0x74 zephyr/drivers/can/libdrivers__can.a(can_common.c.obj)
                0x0000000008004014                z_impl_can_set_bitrate
 .text.cmd_can_mode
                0x0000000008004088       0x24 zephyr/drivers/can/libdrivers__can.a(can_shell.c.obj)
 .text.cmd_can_device_name
                0x00000000080040ac       0x20 zephyr/drivers/can/libdrivers__can.a(can_shell.c.obj)
 .text.cmd_can_device_name_mode
                0x00000000080040cc       0x28 zephyr/drivers/can/libdrivers__can.a(can_shell.c.obj)
 .text.can_device_check
                0x00000000080040f4       0x28 zephyr/drivers/can/libdrivers__can.a(can_shell.c.obj)
 .text.cmd_can_filter_remove
                0x000000000800411c       0x6c zephyr/drivers/can/libdrivers__can.a(can_shell.c.obj)
 .text.can_shell_print_extended_modes
                0x0000000008004188       0x50 zephyr/drivers/can/libdrivers__can.a(can_shell.c.obj)
 .text.cmd_can_stop
                0x00000000080041d8       0x58 zephyr/drivers/can/libdrivers__can.a(can_shell.c.obj)
 .text.cmd_can_start
                0x0000000008004230       0x58 zephyr/drivers/can/libdrivers__can.a(can_shell.c.obj)
 .text.cmd_can_mode_set
                0x0000000008004288       0xc8 zephyr/drivers/can/libdrivers__can.a(can_shell.c.obj)
 .text.can_shell_rx_msgq_poll_submit
                0x0000000008004350       0x50 zephyr/drivers/can/libdrivers__can.a(can_shell.c.obj)
 .text.cmd_can_filter_add
                0x00000000080043a0      0x1b8 zephyr/drivers/can/libdrivers__can.a(can_shell.c.obj)
 .text.can_shell_tx_msgq_poll_submit
                0x0000000008004558       0x50 zephyr/drivers/can/libdrivers__can.a(can_shell.c.obj)
 .text.cmd_can_bitrate_set
                0x00000000080045a8      0x168 zephyr/drivers/can/libdrivers__can.a(can_shell.c.obj)
 .text.cmd_can_send
                0x0000000008004710      0x258 zephyr/drivers/can/libdrivers__can.a(can_shell.c.obj)
 .text.can_shell_tx_msgq_triggered_work_handler
                0x0000000008004968       0x48 zephyr/drivers/can/libdrivers__can.a(can_shell.c.obj)
 .text.can_shell_rx_callback
                0x00000000080049b0       0x28 zephyr/drivers/can/libdrivers__can.a(can_shell.c.obj)
 .text.can_shell_rx_msgq_triggered_work_handler
                0x00000000080049d8       0xe4 zephyr/drivers/can/libdrivers__can.a(can_shell.c.obj)
 .text.can_shell_tx_callback
                0x0000000008004abc       0x18 zephyr/drivers/can/libdrivers__can.a(can_shell.c.obj)
 .text.cmd_can_timing_set
                0x0000000008004ad4      0x104 zephyr/drivers/can/libdrivers__can.a(can_shell.c.obj)
 .text.cmd_can_show
                0x0000000008004bd8      0x280 zephyr/drivers/can/libdrivers__can.a(can_shell.c.obj)
 .text.can_mcan_get_message
                0x0000000008004e58      0x130 zephyr/drivers/can/libdrivers__can.a(can_mcan.c.obj)
 .text.can_mcan_exit_sleep_mode
                0x0000000008004f88       0x94 zephyr/drivers/can/libdrivers__can.a(can_mcan.c.obj)
 .text.can_mcan_set_timing
                0x000000000800501c       0x64 zephyr/drivers/can/libdrivers__can.a(can_mcan.c.obj)
                0x000000000800501c                can_mcan_set_timing
 .text.can_mcan_line_0_isr
                0x0000000008005080      0x17c zephyr/drivers/can/libdrivers__can.a(can_mcan.c.obj)
                0x0000000008005080                can_mcan_line_0_isr
 .text.can_mcan_send
                0x00000000080051fc      0x1a4 zephyr/drivers/can/libdrivers__can.a(can_mcan.c.obj)
                0x00000000080051fc                can_mcan_send
 .text.can_mcan_add_rx_filter_std
                0x00000000080053a0       0xa8 zephyr/drivers/can/libdrivers__can.a(can_mcan.c.obj)
                0x00000000080053a0                can_mcan_add_rx_filter_std
 .text.can_mcan_init
                0x0000000008005448      0x144 zephyr/drivers/can/libdrivers__can.a(can_mcan.c.obj)
                0x0000000008005448                can_mcan_init
 .text.can_stm32fd_remap_reg
                0x000000000800558c       0xc0 zephyr/drivers/can/libdrivers__can.a(can_stm32_fdcan.c.obj)
 .text.can_stm32fd_read_reg
                0x000000000800564c       0x8c zephyr/drivers/can/libdrivers__can.a(can_stm32_fdcan.c.obj)
 .text.can_stm32fd_write_reg
                0x00000000080056d8       0x8c zephyr/drivers/can/libdrivers__can.a(can_stm32_fdcan.c.obj)
 .text.dts_ord_48_init
                0x0000000008005764      0x104 zephyr/drivers/can/libdrivers__can.a(can_stm32_fdcan.c.obj)
 .text.can_stm32fd_get_core_clock
                0x0000000008005868       0x5c zephyr/drivers/can/libdrivers__can.a(can_stm32_fdcan.c.obj)
 .text.can_transceiver_gpio_init
                0x00000000080058c4       0x64 zephyr/drivers/can/transceiver/libdrivers__can__transceiver.a(can_transceiver_gpio.c.obj)
 .text.stm32_clock_control_on
                0x0000000008005928       0x40 zephyr/drivers/clock_control/libdrivers__clock_control.a(clock_stm32_ll_common.c.obj)
 .text.stm32_clock_control_off
                0x0000000008005968       0x30 zephyr/drivers/clock_control/libdrivers__clock_control.a(clock_stm32_ll_common.c.obj)
 .text.stm32_clock_control_get_subsys_rate
                0x0000000008005998       0x80 zephyr/drivers/clock_control/libdrivers__clock_control.a(clock_stm32_ll_common.c.obj)
 .text.stm32_clock_control_configure
                0x0000000008005a18       0x50 zephyr/drivers/clock_control/libdrivers__clock_control.a(clock_stm32_ll_common.c.obj)
 .text.stm32_clock_control_get_status
                0x0000000008005a68       0x34 zephyr/drivers/clock_control/libdrivers__clock_control.a(clock_stm32_ll_common.c.obj)
 .text.stm32_clock_control_init
                0x0000000008005a9c       0xe0 zephyr/drivers/clock_control/libdrivers__clock_control.a(clock_stm32_ll_common.c.obj)
                0x0000000008005a9c                stm32_clock_control_init
 .text.config_enable_default_clocks
                0x0000000008005b7c       0x20 zephyr/drivers/clock_control/libdrivers__clock_control.a(clock_stm32c0.c.obj)
                0x0000000008005b7c                config_enable_default_clocks
 .text.uart_console_init
                0x0000000008005b9c       0x2c zephyr/drivers/console/libdrivers__console.a(uart_console.c.obj)
 .text.console_out
                0x0000000008005bc8       0x28 zephyr/drivers/console/libdrivers__console.a(uart_console.c.obj)
 .text.gpio_stm32_pin_interrupt_configure
                0x0000000008005bf0       0xb0 zephyr/drivers/gpio/libdrivers__gpio.a(gpio_stm32.c.obj)
 .text.gpio_stm32_init
                0x0000000008005ca0       0x3c zephyr/drivers/gpio/libdrivers__gpio.a(gpio_stm32.c.obj)
 .text.pinctrl_configure_pins
                0x0000000008005cdc       0x8c zephyr/drivers/pinctrl/libdrivers__pinctrl.a(pinctrl_stm32.c.obj)
                0x0000000008005cdc                pinctrl_configure_pins
 .text.uart_stm32_irq_err_enable
                0x0000000008005d68       0x44 zephyr/drivers/serial/libdrivers__serial.a(uart_stm32.c.obj)
 .text.uart_stm32_irq_err_disable
                0x0000000008005dac       0x48 zephyr/drivers/serial/libdrivers__serial.a(uart_stm32.c.obj)
 .text.uart_stm32_set_baudrate
                0x0000000008005df4       0x50 zephyr/drivers/serial/libdrivers__serial.a(uart_stm32.c.obj)
 .text.uart_stm32_parameters_set
                0x0000000008005e44      0x168 zephyr/drivers/serial/libdrivers__serial.a(uart_stm32.c.obj)
 .text.uart_stm32_init
                0x0000000008005fac      0x194 zephyr/drivers/serial/libdrivers__serial.a(uart_stm32.c.obj)
 .text.uart_stm32_configure
                0x0000000008006140      0x150 zephyr/drivers/serial/libdrivers__serial.a(uart_stm32.c.obj)
 .text.uart_stm32_config_get
                0x0000000008006290       0xa4 zephyr/drivers/serial/libdrivers__serial.a(uart_stm32.c.obj)
 .text.uart_stm32_fifo_fill
                0x0000000008006334       0x5c zephyr/drivers/serial/libdrivers__serial.a(uart_stm32.c.obj)
 .text.uart_stm32_fifo_read
                0x0000000008006390       0x4c zephyr/drivers/serial/libdrivers__serial.a(uart_stm32.c.obj)
 .text.elapsed  0x00000000080063dc       0x54 zephyr/drivers/timer/libdrivers__timer.a(cortex_m_systick.c.obj)
 .text.sys_clock_driver_init
                0x0000000008006430       0x40 zephyr/drivers/timer/libdrivers__timer.a(cortex_m_systick.c.obj)
 .text.sys_clock_isr
                0x0000000008006470       0x44 zephyr/drivers/timer/libdrivers__timer.a(cortex_m_systick.c.obj)
                0x0000000008006470                sys_clock_isr
 .text.sys_clock_set_timeout
                0x00000000080064b4       0xf4 zephyr/drivers/timer/libdrivers__timer.a(cortex_m_systick.c.obj)
                0x00000000080064b4                sys_clock_set_timeout
 .text.sys_clock_elapsed
                0x00000000080065a8       0x34 zephyr/drivers/timer/libdrivers__timer.a(cortex_m_systick.c.obj)
                0x00000000080065a8                sys_clock_elapsed
 .text.sys_clock_cycle_get_32
                0x00000000080065dc       0x24 zephyr/drivers/timer/libdrivers__timer.a(cortex_m_systick.c.obj)
                0x00000000080065dc                sys_clock_cycle_get_32
 .text.HAL_RCC_GetSysClockFreq
                0x0000000008006600       0x58 modules/hal_stm32/stm32cube/lib..__modules__hal__stm32__stm32cube.a(stm32c0xx_hal_rcc.c.obj)
                0x0000000008006600                HAL_RCC_GetSysClockFreq
 .text.LL_SetFlashLatency
                0x0000000008006658       0x48 modules/hal_stm32/stm32cube/lib..__modules__hal__stm32__stm32cube.a(stm32c0xx_ll_utils.c.obj)
                0x0000000008006658                LL_SetFlashLatency
 .text.z_device_get_all_static
                0x00000000080066a0       0x1c zephyr/kernel/libkernel.a(device.c.obj)
                0x00000000080066a0                z_device_get_all_static
 .text.z_impl_device_get_binding
                0x00000000080066bc       0x4c zephyr/kernel/libkernel.a(device.c.obj)
                0x00000000080066bc                z_impl_device_get_binding
 .text.z_impl_device_get_by_dt_nodelabel
                0x0000000008006708       0x60 zephyr/kernel/libkernel.a(device.c.obj)
                0x0000000008006708                z_impl_device_get_by_dt_nodelabel
 .text.z_fatal_error
                0x0000000008006768       0x28 zephyr/kernel/libkernel.a(fatal.c.obj)
                0x0000000008006768                z_fatal_error
 .text.z_sys_init_run_level
                0x0000000008006790       0x34 zephyr/kernel/libkernel.a(init.c.obj)
 .text.bg_thread_main
                0x00000000080067c4       0xa8 zephyr/kernel/libkernel.a(init.c.obj)
 .text.z_init_cpu
                0x000000000800686c       0x70 zephyr/kernel/libkernel.a(init.c.obj)
                0x000000000800686c                z_init_cpu
 .text.z_cstart
                0x00000000080068dc       0xb0 zephyr/kernel/libkernel.a(init.c.obj)
                0x00000000080068dc                z_cstart
 .text.put_msg_in_queue
                0x000000000800698c       0xdc zephyr/kernel/libkernel.a(msg_q.c.obj)
 .text.z_impl_k_msgq_get
                0x0000000008006a68       0xbc zephyr/kernel/libkernel.a(msg_q.c.obj)
                0x0000000008006a68                z_impl_k_msgq_get
 .text.z_impl_k_mutex_lock
                0x0000000008006b24       0xf0 zephyr/kernel/libkernel.a(mutex.c.obj)
                0x0000000008006b24                z_impl_k_mutex_lock
 .text.z_impl_k_mutex_unlock
                0x0000000008006c14       0x9c zephyr/kernel/libkernel.a(mutex.c.obj)
                0x0000000008006c14                z_impl_k_mutex_unlock
 .text.z_impl_k_sem_give
                0x0000000008006cb0       0x74 zephyr/kernel/libkernel.a(sem.c.obj)
                0x0000000008006cb0                z_impl_k_sem_give
 .text.z_impl_k_sem_take
                0x0000000008006d24       0x4c zephyr/kernel/libkernel.a(sem.c.obj)
                0x0000000008006d24                z_impl_k_sem_take
 .text.work_queue_main
                0x0000000008006d70      0x148 zephyr/kernel/libkernel.a(work.c.obj)
 .text.submit_to_queue_locked
                0x0000000008006eb8       0xd8 zephyr/kernel/libkernel.a(work.c.obj)
 .text.k_work_submit
                0x0000000008006f90       0x14 zephyr/kernel/libkernel.a(work.c.obj)
                0x0000000008006f90                k_work_submit
 .text.k_work_queue_start
                0x0000000008006fa4       0x8c zephyr/kernel/libkernel.a(work.c.obj)
                0x0000000008006fa4                k_work_queue_start
 .text.z_impl_k_thread_name_set
                0x0000000008007030       0x20 zephyr/kernel/libkernel.a(thread.c.obj)
                0x0000000008007030                z_impl_k_thread_name_set
 .text.k_thread_state_str
                0x0000000008007050       0x84 zephyr/kernel/libkernel.a(thread.c.obj)
                0x0000000008007050                k_thread_state_str
 .text.z_setup_new_thread
                0x00000000080070d4       0xe4 zephyr/kernel/libkernel.a(thread.c.obj)
                0x00000000080070d4                z_setup_new_thread
 .text.z_impl_k_thread_create
                0x00000000080071b8       0x58 zephyr/kernel/libkernel.a(thread.c.obj)
                0x00000000080071b8                z_impl_k_thread_create
 .text.z_dummy_thread_init
                0x0000000008007210       0x1c zephyr/kernel/libkernel.a(thread.c.obj)
                0x0000000008007210                z_dummy_thread_init
 .text.z_swap_irqlock
                0x000000000800722c       0x34 zephyr/kernel/libkernel.a(sched.c.obj)
 .text.ready_thread
                0x0000000008007260       0x8c zephyr/kernel/libkernel.a(sched.c.obj)
 .text.unready_thread
                0x00000000080072ec       0x58 zephyr/kernel/libkernel.a(sched.c.obj)
 .text.add_thread_timeout
                0x0000000008007344       0x18 zephyr/kernel/libkernel.a(sched.c.obj)
 .text.move_thread_to_end_of_prio_q
                0x000000000800735c       0x98 zephyr/kernel/libkernel.a(sched.c.obj)
                0x000000000800735c                move_thread_to_end_of_prio_q
 .text.z_impl_k_thread_suspend
                0x00000000080073f4       0xe0 zephyr/kernel/libkernel.a(sched.c.obj)
                0x00000000080073f4                z_impl_k_thread_suspend
 .text.z_pend_curr
                0x00000000080074d4       0x38 zephyr/kernel/libkernel.a(sched.c.obj)
                0x00000000080074d4                z_pend_curr
 .text.z_thread_prio_set
                0x000000000800750c       0xe8 zephyr/kernel/libkernel.a(sched.c.obj)
                0x000000000800750c                z_thread_prio_set
 .text.z_reschedule
                0x00000000080075f4       0x2c zephyr/kernel/libkernel.a(sched.c.obj)
                0x00000000080075f4                z_reschedule
 .text.z_impl_k_thread_resume
                0x0000000008007620       0x34 zephyr/kernel/libkernel.a(sched.c.obj)
                0x0000000008007620                z_impl_k_thread_resume
 .text.z_reschedule_irqlock
                0x0000000008007654       0x2c zephyr/kernel/libkernel.a(sched.c.obj)
                0x0000000008007654                z_reschedule_irqlock
 .text.k_sched_lock
                0x0000000008007680       0x20 zephyr/kernel/libkernel.a(sched.c.obj)
                0x0000000008007680                k_sched_lock
 .text.k_sched_unlock
                0x00000000080076a0       0x60 zephyr/kernel/libkernel.a(sched.c.obj)
                0x00000000080076a0                k_sched_unlock
 .text.z_sched_init
                0x0000000008007700       0x14 zephyr/kernel/libkernel.a(sched.c.obj)
                0x0000000008007700                z_sched_init
 .text.z_impl_k_yield
                0x0000000008007714       0x84 zephyr/kernel/libkernel.a(sched.c.obj)
                0x0000000008007714                z_impl_k_yield
 .text.z_tick_sleep
                0x0000000008007798       0x74 zephyr/kernel/libkernel.a(sched.c.obj)
 .text.z_impl_k_sleep
                0x000000000800780c       0x4c zephyr/kernel/libkernel.a(sched.c.obj)
                0x000000000800780c                z_impl_k_sleep
 .text.z_impl_k_wakeup
                0x0000000008007858       0x40 zephyr/kernel/libkernel.a(sched.c.obj)
                0x0000000008007858                z_impl_k_wakeup
 .text.z_impl_k_sched_current_thread_query
                0x0000000008007898        0xc zephyr/kernel/libkernel.a(sched.c.obj)
                0x0000000008007898                z_impl_k_sched_current_thread_query
 .text.z_thread_abort
                0x00000000080078a4      0x138 zephyr/kernel/libkernel.a(sched.c.obj)
                0x00000000080078a4                z_thread_abort
 .text.z_sched_wait
                0x00000000080079dc       0x24 zephyr/kernel/libkernel.a(sched.c.obj)
                0x00000000080079dc                z_sched_wait
 .text.slice_timeout
                0x0000000008007a00       0x20 zephyr/kernel/libkernel.a(timeslicing.c.obj)
 .text.thread_is_sliceable
                0x0000000008007a20       0x40 zephyr/kernel/libkernel.a(timeslicing.c.obj)
                0x0000000008007a20                thread_is_sliceable
 .text.z_reset_time_slice
                0x0000000008007a60       0x4c zephyr/kernel/libkernel.a(timeslicing.c.obj)
                0x0000000008007a60                z_reset_time_slice
 .text.z_time_slice
                0x0000000008007aac       0x58 zephyr/kernel/libkernel.a(timeslicing.c.obj)
                0x0000000008007aac                z_time_slice
 .text.z_thread_monitor_exit
                0x0000000008007b04       0x3c zephyr/kernel/libkernel.a(thread_monitor.c.obj)
                0x0000000008007b04                z_thread_monitor_exit
 .text.k_thread_foreach
                0x0000000008007b40       0x30 zephyr/kernel/libkernel.a(thread_monitor.c.obj)
                0x0000000008007b40                k_thread_foreach
 .text.k_thread_foreach_unlocked
                0x0000000008007b70       0x40 zephyr/kernel/libkernel.a(thread_monitor.c.obj)
                0x0000000008007b70                k_thread_foreach_unlocked
 .text.first    0x0000000008007bb0       0x10 zephyr/kernel/libkernel.a(timeout.c.obj)
 .text.next_timeout
                0x0000000008007bc0       0x38 zephyr/kernel/libkernel.a(timeout.c.obj)
 .text.elapsed  0x0000000008007bf8       0x18 zephyr/kernel/libkernel.a(timeout.c.obj)
 .text.remove_timeout
                0x0000000008007c10       0x38 zephyr/kernel/libkernel.a(timeout.c.obj)
 .text.z_add_timeout
                0x0000000008007c48      0x120 zephyr/kernel/libkernel.a(timeout.c.obj)
                0x0000000008007c48                z_add_timeout
 .text.sys_clock_announce
                0x0000000008007d68       0xd4 zephyr/kernel/libkernel.a(timeout.c.obj)
                0x0000000008007d68                sys_clock_announce
 .text.sys_clock_tick_get
                0x0000000008007e3c       0x2c zephyr/kernel/libkernel.a(timeout.c.obj)
                0x0000000008007e3c                sys_clock_tick_get
 .text.clear_event_registrations
                0x0000000008007e68       0x54 zephyr/kernel/libkernel.a(poll.c.obj)
 .text.register_events
                0x0000000008007ebc      0x10c zephyr/kernel/libkernel.a(poll.c.obj)
 .text.signal_poll_event
                0x0000000008007fc8       0x8c zephyr/kernel/libkernel.a(poll.c.obj)
 .text.k_work_poll_init
                0x0000000008008054       0x24 zephyr/kernel/libkernel.a(poll.c.obj)
                0x0000000008008054                k_work_poll_init
 .text.k_work_poll_submit_to_queue
                0x0000000008008078       0xfc zephyr/kernel/libkernel.a(poll.c.obj)
                0x0000000008008078                k_work_poll_submit_to_queue
 .text.k_work_poll_submit
                0x0000000008008174       0x20 zephyr/kernel/libkernel.a(poll.c.obj)
                0x0000000008008174                k_work_poll_submit
 .text.k_event_post_internal
                0x0000000008008194       0x64 zephyr/kernel/libkernel.a(events.c.obj)
 .text.boot_banner
                0x00000000080081f8       0x10 zephyr/kernel/libkernel.a(banner.c.obj)
                0x00000000080081f8                boot_banner
 .text.statics_init
                0x0000000008008208       0x24 zephyr/kernel/libkernel.a(kheap.c.obj)
 .text.k_sys_work_q_init
                0x000000000800822c       0x28 zephyr/kernel/libkernel.a(system_work_q.c.obj)
 .text.gmtime_r
                0x0000000008008254      0x1cc /home/yeet/zephyr-sdk-0.17.4/arm-zephyr-eabi/bin/../lib/gcc/../../picolibc/arm-zephyr-eabi/lib/thumb/v6-m/nofp/libc.a(libc_time_gmtime_r.c.o)
                0x0000000008008254                gmtime_r
 .text.printf   0x0000000008008420       0x20 /home/yeet/zephyr-sdk-0.17.4/arm-zephyr-eabi/bin/../lib/gcc/../../picolibc/arm-zephyr-eabi/lib/thumb/v6-m/nofp/libc.a(libc_tinystdio_printf.c.o)
                0x0000000008008420                printf
 .text.puts     0x0000000008008440       0x40 /home/yeet/zephyr-sdk-0.17.4/arm-zephyr-eabi/bin/../lib/gcc/../../picolibc/arm-zephyr-eabi/lib/thumb/v6-m/nofp/libc.a(libc_tinystdio_puts.c.o)
                0x0000000008008440                puts
 .text.snprintf
                0x0000000008008480       0x54 /home/yeet/zephyr-sdk-0.17.4/arm-zephyr-eabi/bin/../lib/gcc/../../picolibc/arm-zephyr-eabi/lib/thumb/v6-m/nofp/libc.a(libc_tinystdio_snprintf.c.o)
                0x0000000008008480                snprintf
 .text.strtol   0x00000000080084d4       0xf4 /home/yeet/zephyr-sdk-0.17.4/arm-zephyr-eabi/bin/../lib/gcc/../../picolibc/arm-zephyr-eabi/lib/thumb/v6-m/nofp/libc.a(libc_tinystdio_strtol.c.o)
                0x00000000080084d4                strtol
 .text.strtoul  0x00000000080085c8      0x124 /home/yeet/zephyr-sdk-0.17.4/arm-zephyr-eabi/bin/../lib/gcc/../../picolibc/arm-zephyr-eabi/lib/thumb/v6-m/nofp/libc.a(libc_tinystdio_strtoul.c.o)
                0x00000000080085c8                strtoul
 .text.__l_vfprintf
                0x00000000080086ec      0x4d0 /home/yeet/zephyr-sdk-0.17.4/arm-zephyr-eabi/bin/../lib/gcc/../../picolibc/arm-zephyr-eabi/lib/thumb/v6-m/nofp/libc.a(libc_tinystdio_vflprintf.c.o)
                0x00000000080086ec                __l_vfprintf
 .text._OffsetAbsSyms
                0x0000000008008bbc        0x2 zephyr/CMakeFiles/offsets.dir/./arch/arm/core/offsets/offsets.c.obj
                0x0000000008008bbc                _OffsetAbsSyms
 .text.chunk_size
                0x0000000008008bbe        0xa zephyr/libzephyr.a(heap.c.obj)
 .text.free_list_add
                0x0000000008008bc8       0x4e zephyr/libzephyr.a(heap.c.obj)
 .text.sys_heap_init
                0x0000000008008c16       0x74 zephyr/libzephyr.a(heap.c.obj)
                0x0000000008008c16                sys_heap_init
 .text.arch_printk_char_out
                0x0000000008008c8a        0x4 zephyr/libzephyr.a(printk.c.obj)
                0x0000000008008c8a                arch_printk_char_out
 .text.printk   0x0000000008008c8e       0x16 zephyr/libzephyr.a(printk.c.obj)
                0x0000000008008c8e                printk
 .text.ring_buf_area_claim
                0x0000000008008ca4       0x30 zephyr/libzephyr.a(ring_buffer.c.obj)
                0x0000000008008ca4                ring_buf_area_claim
 .text.ring_buf_put_claim
                0x0000000008008cd4       0x20 zephyr/libzephyr.a(ring_buffer.c.obj)
 .text.ring_buf_get_claim
                0x0000000008008cf4       0x1e zephyr/libzephyr.a(ring_buffer.c.obj)
 .text.ring_buf_area_finish
                0x0000000008008d12       0x32 zephyr/libzephyr.a(ring_buffer.c.obj)
                0x0000000008008d12                ring_buf_area_finish
 .text.ring_buf_put
                0x0000000008008d44       0x40 zephyr/libzephyr.a(ring_buffer.c.obj)
                0x0000000008008d44                ring_buf_put
 .text.ring_buf_get
                0x0000000008008d84       0x42 zephyr/libzephyr.a(ring_buffer.c.obj)
                0x0000000008008d84                ring_buf_get
 .text._ConfigAbsSyms
                0x0000000008008dc6        0x2 zephyr/libzephyr.a(configs.c.obj)
                0x0000000008008dc6                _ConfigAbsSyms
 .text.stats_walk
                0x0000000008008dc8       0xd0 zephyr/libzephyr.a(stats.c.obj)
                0x0000000008008dc8                stats_walk
 .text.stats_reset
                0x0000000008008e98       0x12 zephyr/libzephyr.a(stats.c.obj)
                0x0000000008008e98                stats_reset
 .text.stats_init
                0x0000000008008eaa       0x14 zephyr/libzephyr.a(stats.c.obj)
                0x0000000008008eaa                stats_init
 .text.thread_valid_cb
                0x0000000008008ebe        0xc zephyr/libzephyr.a(thread.c.obj)
 .text.cmd_date_get
                0x0000000008008eca       0x24 zephyr/libzephyr.a(date_service.c.obj)
 .text.uart_irq_tx_disable
                0x0000000008008eee        0xe zephyr/libzephyr.a(shell_uart.c.obj)
 .text.enable   0x0000000008008efc       0x14 zephyr/libzephyr.a(shell_uart.c.obj)
 .text.read_uart
                0x0000000008008f10       0x12 zephyr/libzephyr.a(shell_uart.c.obj)
 .text.uninit   0x0000000008008f22       0x22 zephyr/libzephyr.a(shell_uart.c.obj)
 .text.write_uart
                0x0000000008008f44       0x5c zephyr/libzephyr.a(shell_uart.c.obj)
 .text.uart_callback
                0x0000000008008fa0      0x11e zephyr/libzephyr.a(shell_uart.c.obj)
 .text.cmd_buffer_clear
                0x00000000080090be       0x16 zephyr/libzephyr.a(shell.c.obj)
 .text.atomic_or
                0x00000000080090d4        0x8 zephyr/libzephyr.a(shell.c.obj)
 .text.atomic_and
                0x00000000080090dc        0x8 zephyr/libzephyr.a(shell.c.obj)
 .text.z_shell_raw_fprintf
                0x00000000080090e4       0x16 zephyr/libzephyr.a(shell.c.obj)
 .text.z_shell_strlen
                0x00000000080090fa       0x12 zephyr/libzephyr.a(shell.c.obj)
 .text.z_shell_unlock.isra.0
                0x000000000800910c        0xe zephyr/libzephyr.a(shell.c.obj)
 .text.z_shell_lock.isra.0
                0x000000000800911a       0x14 zephyr/libzephyr.a(shell.c.obj)
 .text.z_flag_history_exit_set.isra.0
                0x000000000800912e       0x1e zephyr/libzephyr.a(shell.c.obj)
 .text.z_flag_insert_mode_set.isra.0
                0x000000000800914c       0x22 zephyr/libzephyr.a(shell.c.obj)
 .text.shell_signal_handle
                0x000000000800916e       0x30 zephyr/libzephyr.a(shell.c.obj)
 .text.z_shell_trylock.constprop.0.isra.0
                0x000000000800919e       0x14 zephyr/libzephyr.a(shell.c.obj)
 .text.transport_evt_handler
                0x00000000080091b2       0x1a zephyr/libzephyr.a(shell.c.obj)
 .text.shell_start
                0x00000000080091cc       0x48 zephyr/libzephyr.a(shell.c.obj)
                0x00000000080091cc                shell_start
 .text.shell_vfprintf
                0x0000000008009214       0x8e zephyr/libzephyr.a(shell.c.obj)
                0x0000000008009214                shell_vfprintf
 .text.shell_fprintf_impl
                0x00000000080092a2       0x16 zephyr/libzephyr.a(shell.c.obj)
                0x00000000080092a2                shell_fprintf_impl
 .text.shell_fprintf_info
                0x00000000080092b8       0x18 zephyr/libzephyr.a(shell.c.obj)
                0x00000000080092b8                shell_fprintf_info
 .text.shell_fprintf_normal
                0x00000000080092d0       0x18 zephyr/libzephyr.a(shell.c.obj)
                0x00000000080092d0                shell_fprintf_normal
 .text.shell_fprintf_warn
                0x00000000080092e8       0x18 zephyr/libzephyr.a(shell.c.obj)
                0x00000000080092e8                shell_fprintf_warn
 .text.shell_fprintf_error
                0x0000000008009300       0x18 zephyr/libzephyr.a(shell.c.obj)
                0x0000000008009300                shell_fprintf_error
 .text.shell_prompt_change
                0x0000000008009318       0x50 zephyr/libzephyr.a(shell.c.obj)
                0x0000000008009318                shell_prompt_change
 .text.shell_help
                0x0000000008009368       0x22 zephyr/libzephyr.a(shell.c.obj)
                0x0000000008009368                shell_help
 .text.shell_get_return_value
                0x000000000800938a       0x14 zephyr/libzephyr.a(shell.c.obj)
                0x000000000800938a                shell_get_return_value
 .text.shell_set_bypass
                0x000000000800939e       0x10 zephyr/libzephyr.a(shell.c.obj)
                0x000000000800939e                shell_set_bypass
 .text.z_shell_fprintf_buffer_flush
                0x00000000080093ae       0x18 zephyr/libzephyr.a(shell_fprintf.c.obj)
                0x00000000080093ae                z_shell_fprintf_buffer_flush
 .text.out_func
                0x00000000080093c6       0x3c zephyr/libzephyr.a(shell_fprintf.c.obj)
 .text.z_shell_strlen
                0x0000000008009402       0x12 zephyr/libzephyr.a(shell_utils.c.obj)
 .text.shell_device_internal
                0x0000000008009414       0xaa zephyr/libzephyr.a(shell_utils.c.obj)
 .text.z_column_span_with_buffer_offsets_get
                0x00000000080094be       0x1e zephyr/libzephyr.a(shell_utils.c.obj)
                0x00000000080094be                z_column_span_with_buffer_offsets_get
 .text.z_row_span_with_buffer_offsets_get
                0x00000000080094dc       0x1e zephyr/libzephyr.a(shell_utils.c.obj)
                0x00000000080094dc                z_row_span_with_buffer_offsets_get
 .text.z_shell_multiline_data_calc
                0x00000000080094fa       0x2c zephyr/libzephyr.a(shell_utils.c.obj)
                0x00000000080094fa                z_shell_multiline_data_calc
 .text.z_shell_make_argv
                0x0000000008009526      0x1b4 zephyr/libzephyr.a(shell_utils.c.obj)
                0x0000000008009526                z_shell_make_argv
 .text.z_shell_pattern_remove
                0x00000000080096da       0x48 zephyr/libzephyr.a(shell_utils.c.obj)
                0x00000000080096da                z_shell_pattern_remove
 .text.z_shell_find_cmd
                0x0000000008009722       0x3e zephyr/libzephyr.a(shell_utils.c.obj)
                0x0000000008009722                z_shell_find_cmd
 .text.z_shell_get_last_command
                0x0000000008009760       0x64 zephyr/libzephyr.a(shell_utils.c.obj)
                0x0000000008009760                z_shell_get_last_command
 .text.z_shell_spaces_trim
                0x00000000080097c4       0x5e zephyr/libzephyr.a(shell_utils.c.obj)
                0x00000000080097c4                z_shell_spaces_trim
 .text.z_shell_cmd_trim
                0x0000000008009822       0x6e zephyr/libzephyr.a(shell_utils.c.obj)
                0x0000000008009822                z_shell_cmd_trim
 .text.shell_device_filter
                0x0000000008009890        0xe zephyr/libzephyr.a(shell_utils.c.obj)
                0x0000000008009890                shell_device_filter
 .text.shell_device_lookup_all
                0x000000000800989e        0xc zephyr/libzephyr.a(shell_utils.c.obj)
                0x000000000800989e                shell_device_lookup_all
 .text.shell_device_lookup_non_ready
                0x00000000080098aa        0xc zephyr/libzephyr.a(shell_utils.c.obj)
                0x00000000080098aa                shell_device_lookup_non_ready
 .text.shell_device_get_binding
                0x00000000080098b6       0x14 zephyr/libzephyr.a(shell_utils.c.obj)
                0x00000000080098b6                shell_device_get_binding
 .text.shell_device_get_binding_all
                0x00000000080098ca       0x96 zephyr/libzephyr.a(shell_utils.c.obj)
                0x00000000080098ca                shell_device_get_binding_all
 .text.z_shell_raw_fprintf
                0x0000000008009960       0x16 zephyr/libzephyr.a(shell_ops.c.obj)
 .text.full_line_cmd.isra.0
                0x0000000008009976       0x24 zephyr/libzephyr.a(shell_ops.c.obj)
 .text.z_shell_cursor_in_empty_line
                0x000000000800999a       0x2e zephyr/libzephyr.a(shell_ops.c.obj)
                0x000000000800999a                z_shell_cursor_in_empty_line
 .text.z_shell_op_cond_next_line
                0x00000000080099c8       0x1e zephyr/libzephyr.a(shell_ops.c.obj)
                0x00000000080099c8                z_shell_op_cond_next_line
 .text.z_shell_op_cursor_position_synchronize
                0x00000000080099e6       0x4a zephyr/libzephyr.a(shell_ops.c.obj)
                0x00000000080099e6                z_shell_op_cursor_position_synchronize
 .text.z_shell_op_cursor_move
                0x0000000008009a30       0x58 zephyr/libzephyr.a(shell_ops.c.obj)
                0x0000000008009a30                z_shell_op_cursor_move
 .text.z_shell_op_cursor_word_move
                0x0000000008009a88       0x86 zephyr/libzephyr.a(shell_ops.c.obj)
                0x0000000008009a88                z_shell_op_cursor_word_move
 .text.z_shell_op_cursor_home_move
                0x0000000008009b0e       0x12 zephyr/libzephyr.a(shell_ops.c.obj)
                0x0000000008009b0e                z_shell_op_cursor_home_move
 .text.z_shell_op_cursor_end_move
                0x0000000008009b20       0x18 zephyr/libzephyr.a(shell_ops.c.obj)
                0x0000000008009b20                z_shell_op_cursor_end_move
 .text.z_shell_op_left_arrow
                0x0000000008009b38       0x16 zephyr/libzephyr.a(shell_ops.c.obj)
                0x0000000008009b38                z_shell_op_left_arrow
 .text.z_shell_op_right_arrow
                0x0000000008009b4e       0x1a zephyr/libzephyr.a(shell_ops.c.obj)
                0x0000000008009b4e                z_shell_op_right_arrow
 .text.z_shell_op_delete_from_cursor
                0x0000000008009b68       0x24 zephyr/libzephyr.a(shell_ops.c.obj)
                0x0000000008009b68                z_shell_op_delete_from_cursor
 .text.z_shell_cmd_line_erase
                0x0000000008009b8c       0x36 zephyr/libzephyr.a(shell_ops.c.obj)
                0x0000000008009b8c                z_shell_cmd_line_erase
 .text.z_shell_write
                0x0000000008009bc2       0x76 zephyr/libzephyr.a(shell_ops.c.obj)
                0x0000000008009bc2                z_shell_write
 .text.z_shell_print_stream
                0x0000000008009c38        0x8 zephyr/libzephyr.a(shell_ops.c.obj)
                0x0000000008009c38                z_shell_print_stream
 .text.z_shell_vfprintf
                0x0000000008009c40       0x4e zephyr/libzephyr.a(shell_ops.c.obj)
                0x0000000008009c40                z_shell_vfprintf
 .text.z_shell_fprintf
                0x0000000008009c8e       0x16 zephyr/libzephyr.a(shell_ops.c.obj)
                0x0000000008009c8e                z_shell_fprintf
 .text.data_insert
                0x0000000008009ca4       0x72 zephyr/libzephyr.a(shell_ops.c.obj)
 .text.z_shell_op_completion_insert
                0x0000000008009d16        0x8 zephyr/libzephyr.a(shell_ops.c.obj)
                0x0000000008009d16                z_shell_op_completion_insert
 .text.z_shell_op_char_delete
                0x0000000008009d1e       0x3e zephyr/libzephyr.a(shell_ops.c.obj)
                0x0000000008009d1e                z_shell_op_char_delete
 .text.z_shell_op_char_backspace
                0x0000000008009d5c       0x28 zephyr/libzephyr.a(shell_ops.c.obj)
                0x0000000008009d5c                z_shell_op_char_backspace
 .text.z_shell_backend_rx_buffer_flush
                0x0000000008009d84       0x30 zephyr/libzephyr.a(shell_ops.c.obj)
                0x0000000008009d84                z_shell_backend_rx_buffer_flush
 .text.z_shell_raw_fprintf
                0x0000000008009db4       0x16 zephyr/libzephyr.a(shell_help.c.obj)
 .text.formatted_text_print.constprop.0
                0x0000000008009dca       0xc2 zephyr/libzephyr.a(shell_help.c.obj)
 .text.cmd_comment
                0x0000000008009e8c        0x4 zephyr/libzephyr.a(shell_cmds.c.obj)
 .text.cmd_shell_stats_reset
                0x0000000008009e90        0x8 zephyr/libzephyr.a(shell_cmds.c.obj)
 .text.z_shell_raw_fprintf
                0x0000000008009e98       0x16 zephyr/libzephyr.a(shell_cmds.c.obj)
 .text.cmd_prompt_on
                0x0000000008009eae        0xc zephyr/libzephyr.a(shell_cmds.c.obj)
 .text.cmd_vt100_off
                0x0000000008009eba       0x16 zephyr/libzephyr.a(shell_cmds.c.obj)
 .text.cmd_bacskpace_mode_delete
                0x0000000008009ed0       0x14 zephyr/libzephyr.a(shell_cmds.c.obj)
 .text.cmd_colors_off
                0x0000000008009ee4       0x16 zephyr/libzephyr.a(shell_cmds.c.obj)
 .text.cmd_bacskpace_mode_backspace
                0x0000000008009efa       0x16 zephyr/libzephyr.a(shell_cmds.c.obj)
 .text.cmd_echo_off
                0x0000000008009f10       0x16 zephyr/libzephyr.a(shell_cmds.c.obj)
 .text.cmd_colors_on
                0x0000000008009f26       0x14 zephyr/libzephyr.a(shell_cmds.c.obj)
 .text.cmd_vt100_on
                0x0000000008009f3a       0x14 zephyr/libzephyr.a(shell_cmds.c.obj)
 .text.cmd_echo_on
                0x0000000008009f4e       0x14 zephyr/libzephyr.a(shell_cmds.c.obj)
 .text.remove_from_tail.part.0
                0x0000000008009f62       0x24 zephyr/libzephyr.a(shell_history.c.obj)
 .text.z_shell_history_mode_exit
                0x0000000008009f86        0x6 zephyr/libzephyr.a(shell_history.c.obj)
                0x0000000008009f86                z_shell_history_mode_exit
 .text.z_shell_history_get
                0x0000000008009f8c       0x56 zephyr/libzephyr.a(shell_history.c.obj)
                0x0000000008009f8c                z_shell_history_get
 .text.z_shell_history_purge
                0x0000000008009fe2       0x18 zephyr/libzephyr.a(shell_history.c.obj)
                0x0000000008009fe2                z_shell_history_purge
 .text.z_shell_history_put
                0x0000000008009ffa       0xfa zephyr/libzephyr.a(shell_history.c.obj)
                0x0000000008009ffa                z_shell_history_put
 .text.z_shell_history_init
                0x000000000800a0f4        0xc zephyr/libzephyr.a(shell_history.c.obj)
                0x000000000800a0f4                z_shell_history_init
 .text.z_shell_has_wildcard
                0x000000000800a100       0x28 zephyr/libzephyr.a(shell_wildcard.c.obj)
                0x000000000800a100                z_shell_has_wildcard
 .text.z_shell_wildcard_prepare
                0x000000000800a128       0x46 zephyr/libzephyr.a(shell_wildcard.c.obj)
                0x000000000800a128                z_shell_wildcard_prepare
 .text.z_shell_wildcard_finalize
                0x000000000800a16e       0x26 zephyr/libzephyr.a(shell_wildcard.c.obj)
                0x000000000800a16e                z_shell_wildcard_finalize
 .text.arch_early_memset
                0x000000000800a194        0x8 zephyr/arch/common/libarch__common.a(init.c.obj)
                0x000000000800a194                arch_early_memset
 .text.arch_early_memcpy
                0x000000000800a19c        0x8 zephyr/arch/common/libarch__common.a(init.c.obj)
                0x000000000800a19c                arch_early_memcpy
 .text.z_do_kernel_oops
                0x000000000800a1a4        0xc zephyr/arch/arch/arm/core/libarch__arm__core.a(fatal.c.obj)
                0x000000000800a1a4                z_do_kernel_oops
 .text.z_arm_nmi
                0x000000000800a1b0        0xc zephyr/arch/arch/arm/core/libarch__arm__core.a(nmi.c.obj)
                0x000000000800a1b0                z_arm_nmi
 .text.z_irq_spurious
                0x000000000800a1bc        0xc zephyr/arch/arch/arm/core/cortex_m/libarch__arm__core__cortex_m.a(irq_manage.c.obj)
                0x000000000800a1bc                z_irq_spurious
 .text.z_prep_c
                0x000000000800a1c8       0x16 zephyr/arch/arch/arm/core/cortex_m/libarch__arm__core__cortex_m.a(prep_c.c.obj)
                0x000000000800a1c8                z_prep_c
 .text.arch_coprocessors_disable
                0x000000000800a1de        0x6 zephyr/arch/arch/arm/core/cortex_m/libarch__arm__core__cortex_m.a(thread.c.obj)
                0x000000000800a1de                arch_coprocessors_disable
 .text.arch_irq_unlock_outlined
                0x000000000800a1e4        0xc zephyr/arch/arch/arm/core/cortex_m/libarch__arm__core__cortex_m.a(thread.c.obj)
                0x000000000800a1e4                arch_irq_unlock_outlined
 .text.arch_cpu_idle
                0x000000000800a1f0        0xe zephyr/arch/arch/arm/core/cortex_m/libarch__arm__core__cortex_m.a(cpu_idle.c.obj)
                0x000000000800a1f0                arch_cpu_idle
 .text.cbputc   0x000000000800a1fe        0xc zephyr/lib/libc/picolibc/liblib__libc__picolibc.a(cbprintf.c.obj)
 .text.picolibc_put
                0x000000000800a20a        0xa zephyr/lib/libc/picolibc/liblib__libc__picolibc.a(stdio.c.obj)
 .text.foldcase
                0x000000000800a214       0x10 zephyr/lib/posix/options/liblib__posix__options.a(fnmatch.c.obj)
 .text.fnmatchx
                0x000000000800a224      0x28a zephyr/lib/posix/options/liblib__posix__options.a(fnmatch.c.obj)
 .text.fnmatch  0x000000000800a4ae        0xa zephyr/lib/posix/options/liblib__posix__options.a(fnmatch.c.obj)
                0x000000000800a4ae                fnmatch
 .text.stm32_gpio_intc_get_pin_irq_line
                0x000000000800a4b8        0xa zephyr/drivers/interrupt_controller/libdrivers__interrupt_controller.a(intc_gpio_stm32.c.obj)
                0x000000000800a4b8                stm32_gpio_intc_get_pin_irq_line
 .text.can_tx_default_cb
                0x000000000800a4c2        0xc zephyr/drivers/can/libdrivers__can.a(can_common.c.obj)
 .text.can_msgq_put
                0x000000000800a4ce        0xe zephyr/drivers/can/libdrivers__can.a(can_common.c.obj)
 .text.z_impl_can_set_timing
                0x000000000800a4dc       0x6a zephyr/drivers/can/libdrivers__can.a(can_common.c.obj)
                0x000000000800a4dc                z_impl_can_set_timing
 .text.can_mcan_read_mram
                0x000000000800a546        0xc zephyr/drivers/can/libdrivers__can.a(can_mcan.c.obj)
 .text.can_mcan_write_mram
                0x000000000800a552        0xc zephyr/drivers/can/libdrivers__can.a(can_mcan.c.obj)
 .text.can_mcan_clear_mram
                0x000000000800a55e        0xc zephyr/drivers/can/libdrivers__can.a(can_mcan.c.obj)
 .text.k_mutex_lock.constprop.0.isra.0
                0x000000000800a56a        0x8 zephyr/drivers/can/libdrivers__can.a(can_mcan.c.obj)
 .text.k_mutex_unlock.isra.0
                0x000000000800a572        0x8 zephyr/drivers/can/libdrivers__can.a(can_mcan.c.obj)
 .text.can_mcan_read_reg
                0x000000000800a57a        0xc zephyr/drivers/can/libdrivers__can.a(can_mcan.c.obj)
                0x000000000800a57a                can_mcan_read_reg
 .text.can_mcan_read_psr
                0x000000000800a586       0x64 zephyr/drivers/can/libdrivers__can.a(can_mcan.c.obj)
 .text.can_mcan_write_reg
                0x000000000800a5ea        0xc zephyr/drivers/can/libdrivers__can.a(can_mcan.c.obj)
                0x000000000800a5ea                can_mcan_write_reg
 .text.can_mcan_enter_init_mode.constprop.0
                0x000000000800a5f6       0xa4 zephyr/drivers/can/libdrivers__can.a(can_mcan.c.obj)
 .text.can_mcan_get_capabilities
                0x000000000800a69a        0x8 zephyr/drivers/can/libdrivers__can.a(can_mcan.c.obj)
                0x000000000800a69a                can_mcan_get_capabilities
 .text.can_mcan_start
                0x000000000800a6a2       0xe2 zephyr/drivers/can/libdrivers__can.a(can_mcan.c.obj)
                0x000000000800a6a2                can_mcan_start
 .text.can_mcan_set_mode
                0x000000000800a784       0xa0 zephyr/drivers/can/libdrivers__can.a(can_mcan.c.obj)
                0x000000000800a784                can_mcan_set_mode
 .text.can_mcan_line_1_isr
                0x000000000800a824       0x7a zephyr/drivers/can/libdrivers__can.a(can_mcan.c.obj)
                0x000000000800a824                can_mcan_line_1_isr
 .text.can_mcan_get_state
                0x000000000800a89e       0x68 zephyr/drivers/can/libdrivers__can.a(can_mcan.c.obj)
                0x000000000800a89e                can_mcan_get_state
 .text.can_mcan_get_max_filters
                0x000000000800a906       0x10 zephyr/drivers/can/libdrivers__can.a(can_mcan.c.obj)
                0x000000000800a906                can_mcan_get_max_filters
 .text.can_mcan_add_rx_filter
                0x000000000800a916       0xe2 zephyr/drivers/can/libdrivers__can.a(can_mcan.c.obj)
                0x000000000800a916                can_mcan_add_rx_filter
 .text.can_mcan_remove_rx_filter
                0x000000000800a9f8       0x70 zephyr/drivers/can/libdrivers__can.a(can_mcan.c.obj)
                0x000000000800a9f8                can_mcan_remove_rx_filter
 .text.can_mcan_set_state_change_callback
                0x000000000800aa68        0x8 zephyr/drivers/can/libdrivers__can.a(can_mcan.c.obj)
                0x000000000800aa68                can_mcan_set_state_change_callback
 .text.can_mcan_enable_configuration_change
                0x000000000800aa70       0x3a zephyr/drivers/can/libdrivers__can.a(can_mcan.c.obj)
                0x000000000800aa70                can_mcan_enable_configuration_change
 .text.can_mcan_stop
                0x000000000800aaaa       0x78 zephyr/drivers/can/libdrivers__can.a(can_mcan.c.obj)
                0x000000000800aaaa                can_mcan_stop
 .text.can_stm32fd_read_mram
                0x000000000800ab22       0x20 zephyr/drivers/can/libdrivers__can.a(can_stm32_fdcan.c.obj)
 .text.can_stm32fd_write_mram
                0x000000000800ab42       0x1e zephyr/drivers/can/libdrivers__can.a(can_stm32_fdcan.c.obj)
 .text.can_stm32fd_clear_mram
                0x000000000800ab60       0x1c zephyr/drivers/can/libdrivers__can.a(can_stm32_fdcan.c.obj)
 .text.config_can_0_irq
                0x000000000800ab7c       0x24 zephyr/drivers/can/libdrivers__can.a(can_stm32_fdcan.c.obj)
 .text.can_transceiver_gpio_set_state.isra.0
                0x000000000800aba0       0x3e zephyr/drivers/can/transceiver/libdrivers__can__transceiver.a(can_transceiver_gpio.c.obj)
 .text.can_transceiver_gpio_disable
                0x000000000800abde        0xc zephyr/drivers/can/transceiver/libdrivers__can__transceiver.a(can_transceiver_gpio.c.obj)
 .text.can_transceiver_gpio_enable
                0x000000000800abea        0xc zephyr/drivers/can/transceiver/libdrivers__can__transceiver.a(can_transceiver_gpio.c.obj)
 .text.enabled_clock
                0x000000000800abf6       0x1a zephyr/drivers/clock_control/libdrivers__clock_control.a(clock_stm32_ll_common.c.obj)
                0x000000000800abf6                enabled_clock
 .text.config_regulator_voltage
                0x000000000800ac10        0x2 zephyr/drivers/clock_control/libdrivers__clock_control.a(clock_stm32_ll_common.c.obj)
                0x000000000800ac10                config_regulator_voltage
 .text.gpio_stm32_port_get_raw
                0x000000000800ac12        0xc zephyr/drivers/gpio/libdrivers__gpio.a(gpio_stm32.c.obj)
 .text.gpio_stm32_port_set_masked_raw
                0x000000000800ac1e       0x12 zephyr/drivers/gpio/libdrivers__gpio.a(gpio_stm32.c.obj)
 .text.gpio_stm32_port_set_bits_raw
                0x000000000800ac30        0xa zephyr/drivers/gpio/libdrivers__gpio.a(gpio_stm32.c.obj)
 .text.gpio_stm32_port_clear_bits_raw
                0x000000000800ac3a        0xa zephyr/drivers/gpio/libdrivers__gpio.a(gpio_stm32.c.obj)
 .text.gpio_stm32_port_toggle_bits
                0x000000000800ac44        0xe zephyr/drivers/gpio/libdrivers__gpio.a(gpio_stm32.c.obj)
 .text.gpio_stm32_manage_callback
                0x000000000800ac52       0x58 zephyr/drivers/gpio/libdrivers__gpio.a(gpio_stm32.c.obj)
 .text.gpio_stm32_configure_raw.isra.0
                0x000000000800acaa       0xa0 zephyr/drivers/gpio/libdrivers__gpio.a(gpio_stm32.c.obj)
 .text.gpio_stm32_config
                0x000000000800ad4a       0xee zephyr/drivers/gpio/libdrivers__gpio.a(gpio_stm32.c.obj)
 .text.gpio_stm32_isr
                0x000000000800ae38       0x32 zephyr/drivers/gpio/libdrivers__gpio.a(gpio_stm32.c.obj)
 .text.gpio_stm32_configure
                0x000000000800ae6a       0x2a zephyr/drivers/gpio/libdrivers__gpio.a(gpio_stm32.c.obj)
                0x000000000800ae6a                gpio_stm32_configure
 .text.pinctrl_lookup_state
                0x000000000800ae94       0x26 zephyr/drivers/pinctrl/libdrivers__pinctrl.a(common.c.obj)
                0x000000000800ae94                pinctrl_lookup_state
 .text.reset_stm32_status
                0x000000000800aeba       0x20 zephyr/drivers/reset/libdrivers__reset.a(reset_stm32.c.obj)
 .text.reset_stm32_line_assert
                0x000000000800aeda       0x1c zephyr/drivers/reset/libdrivers__reset.a(reset_stm32.c.obj)
 .text.reset_stm32_line_deassert
                0x000000000800aef6       0x1c zephyr/drivers/reset/libdrivers__reset.a(reset_stm32.c.obj)
 .text.reset_stm32_line_toggle
                0x000000000800af12       0x16 zephyr/drivers/reset/libdrivers__reset.a(reset_stm32.c.obj)
 .text.uart_stm32_ll2cfg_databits
                0x000000000800af28       0x2c zephyr/drivers/serial/libdrivers__serial.a(uart_stm32.c.obj)
 .text.uart_stm32_err_check
                0x000000000800af54       0x5e zephyr/drivers/serial/libdrivers__serial.a(uart_stm32.c.obj)
 .text.uart_stm32_irq_tx_enable
                0x000000000800afb2       0x1c zephyr/drivers/serial/libdrivers__serial.a(uart_stm32.c.obj)
 .text.uart_stm32_irq_tx_disable
                0x000000000800afce       0x1c zephyr/drivers/serial/libdrivers__serial.a(uart_stm32.c.obj)
 .text.uart_stm32_irq_rx_enable
                0x000000000800afea       0x1c zephyr/drivers/serial/libdrivers__serial.a(uart_stm32.c.obj)
 .text.uart_stm32_irq_rx_disable
                0x000000000800b006       0x1c zephyr/drivers/serial/libdrivers__serial.a(uart_stm32.c.obj)
 .text.uart_stm32_irq_rx_ready
                0x000000000800b022        0xc zephyr/drivers/serial/libdrivers__serial.a(uart_stm32.c.obj)
 .text.uart_stm32_irq_update
                0x000000000800b02e        0x4 zephyr/drivers/serial/libdrivers__serial.a(uart_stm32.c.obj)
 .text.uart_stm32_irq_callback_set
                0x000000000800b032        0x8 zephyr/drivers/serial/libdrivers__serial.a(uart_stm32.c.obj)
 .text.uart_stm32_isr
                0x000000000800b03a       0x10 zephyr/drivers/serial/libdrivers__serial.a(uart_stm32.c.obj)
 .text.uart_stm32_irq_config_func_0
                0x000000000800b04a       0x14 zephyr/drivers/serial/libdrivers__serial.a(uart_stm32.c.obj)
 .text.uart_stm32_irq_config_func_1
                0x000000000800b05e       0x14 zephyr/drivers/serial/libdrivers__serial.a(uart_stm32.c.obj)
 .text.uart_stm32_irq_tx_complete
                0x000000000800b072        0xc zephyr/drivers/serial/libdrivers__serial.a(uart_stm32.c.obj)
 .text.uart_stm32_irq_tx_ready
                0x000000000800b07e       0x14 zephyr/drivers/serial/libdrivers__serial.a(uart_stm32.c.obj)
 .text.uart_stm32_poll_out
                0x000000000800b092       0x36 zephyr/drivers/serial/libdrivers__serial.a(uart_stm32.c.obj)
 .text.uart_stm32_irq_is_pending
                0x000000000800b0c8       0x24 zephyr/drivers/serial/libdrivers__serial.a(uart_stm32.c.obj)
 .text.uart_stm32_poll_in
                0x000000000800b0ec       0x22 zephyr/drivers/serial/libdrivers__serial.a(uart_stm32.c.obj)
 .text.z_impl_k_busy_wait
                0x000000000800b10e       0x1c zephyr/kernel/libkernel.a(busy_wait.c.obj)
                0x000000000800b10e                z_impl_k_busy_wait
 .text.do_device_init
                0x000000000800b12a       0x32 zephyr/kernel/libkernel.a(device.c.obj)
                0x000000000800b12a                do_device_init
 .text.z_impl_device_init
                0x000000000800b15c       0x16 zephyr/kernel/libkernel.a(device.c.obj)
                0x000000000800b15c                z_impl_device_init
 .text.z_impl_device_is_ready
                0x000000000800b172       0x1a zephyr/kernel/libkernel.a(device.c.obj)
                0x000000000800b172                z_impl_device_is_ready
 .text.arch_system_halt
                0x000000000800b18c        0x8 zephyr/kernel/libkernel.a(fatal.c.obj)
                0x000000000800b18c                arch_system_halt
 .text.k_sys_fatal_error_handler
                0x000000000800b194        0x6 zephyr/kernel/libkernel.a(fatal.c.obj)
                0x000000000800b194                k_sys_fatal_error_handler
 .text.idle     0x000000000800b19a        0xe zephyr/kernel/libkernel.a(idle.c.obj)
                0x000000000800b19a                idle
 .text.unpend_thread_no_timeout
                0x000000000800b1a8       0x1a zephyr/kernel/libkernel.a(msg_q.c.obj)
 .text.z_impl_k_msgq_put
                0x000000000800b1c2        0xc zephyr/kernel/libkernel.a(msg_q.c.obj)
                0x000000000800b1c2                z_impl_k_msgq_put
 .text.adjust_owner_prio.isra.0
                0x000000000800b1ce       0x16 zephyr/kernel/libkernel.a(mutex.c.obj)
 .text.z_impl_k_mutex_init
                0x000000000800b1e4        0xe zephyr/kernel/libkernel.a(mutex.c.obj)
                0x000000000800b1e4                z_impl_k_mutex_init
 .text.z_impl_k_sem_init
                0x000000000800b1f2       0x22 zephyr/kernel/libkernel.a(sem.c.obj)
                0x000000000800b1f2                z_impl_k_sem_init
 .text.flag_test_and_clear
                0x000000000800b214       0x18 zephyr/kernel/libkernel.a(work.c.obj)
 .text.notify_queue_locked.isra.0
                0x000000000800b22c       0x12 zephyr/kernel/libkernel.a(work.c.obj)
 .text.k_work_init
                0x000000000800b23e       0x12 zephyr/kernel/libkernel.a(work.c.obj)
                0x000000000800b23e                k_work_init
 .text.z_work_submit_to_queue
                0x000000000800b250       0x1e zephyr/kernel/libkernel.a(work.c.obj)
                0x000000000800b250                z_work_submit_to_queue
 .text.k_work_submit_to_queue
                0x000000000800b26e       0x18 zephyr/kernel/libkernel.a(work.c.obj)
                0x000000000800b26e                k_work_submit_to_queue
 .text.k_is_in_isr
                0x000000000800b286        0xc zephyr/kernel/libkernel.a(thread.c.obj)
                0x000000000800b286                k_is_in_isr
 .text.k_thread_name_get
                0x000000000800b292        0x4 zephyr/kernel/libkernel.a(thread.c.obj)
                0x000000000800b292                k_thread_name_get
 .text.z_stack_space_get
                0x000000000800b296       0x18 zephyr/kernel/libkernel.a(thread.c.obj)
                0x000000000800b296                z_stack_space_get
 .text.z_impl_k_thread_stack_space_get
                0x000000000800b2ae       0x14 zephyr/kernel/libkernel.a(thread.c.obj)
                0x000000000800b2ae                z_impl_k_thread_stack_space_get
 .text.sys_dlist_remove
                0x000000000800b2c2       0x10 zephyr/kernel/libkernel.a(sched.c.obj)
 .text.unpend_thread_no_timeout
                0x000000000800b2d2       0x16 zephyr/kernel/libkernel.a(sched.c.obj)
 .text.add_to_waitq_locked
                0x000000000800b2e8       0x52 zephyr/kernel/libkernel.a(sched.c.obj)
 .text.z_ready_thread
                0x000000000800b33a       0x18 zephyr/kernel/libkernel.a(sched.c.obj)
                0x000000000800b33a                z_ready_thread
 .text.z_unpend_thread_no_timeout
                0x000000000800b352       0x1e zephyr/kernel/libkernel.a(sched.c.obj)
                0x000000000800b352                z_unpend_thread_no_timeout
 .text.z_sched_wake_thread
                0x000000000800b370       0x4e zephyr/kernel/libkernel.a(sched.c.obj)
                0x000000000800b370                z_sched_wake_thread
 .text.z_thread_timeout
                0x000000000800b3be        0xc zephyr/kernel/libkernel.a(sched.c.obj)
                0x000000000800b3be                z_thread_timeout
 .text.z_unpend1_no_timeout
                0x000000000800b3ca       0x2a zephyr/kernel/libkernel.a(sched.c.obj)
                0x000000000800b3ca                z_unpend1_no_timeout
 .text.z_unpend_thread
                0x000000000800b3f4       0x12 zephyr/kernel/libkernel.a(sched.c.obj)
                0x000000000800b3f4                z_unpend_thread
 .text.z_sched_wake
                0x000000000800b406       0x40 zephyr/kernel/libkernel.a(sched.c.obj)
                0x000000000800b406                z_sched_wake
 .text.z_sched_waitq_walk
                0x000000000800b446       0x3a zephyr/kernel/libkernel.a(sched.c.obj)
                0x000000000800b446                z_sched_waitq_walk
 .text.z_abort_timeout
                0x000000000800b480       0x4c zephyr/kernel/libkernel.a(timeout.c.obj)
                0x000000000800b480                z_abort_timeout
 .text.sys_clock_tick_get_32
                0x000000000800b4cc        0x8 zephyr/kernel/libkernel.a(timeout.c.obj)
                0x000000000800b4cc                sys_clock_tick_get_32
 .text.z_impl_k_uptime_ticks
                0x000000000800b4d4        0x8 zephyr/kernel/libkernel.a(timeout.c.obj)
                0x000000000800b4d4                z_impl_k_uptime_ticks
 .text.z_impl_k_timer_stop
                0x000000000800b4dc       0x32 zephyr/kernel/libkernel.a(timer.c.obj)
                0x000000000800b4dc                z_impl_k_timer_stop
 .text.z_impl_atomic_set
                0x000000000800b50e       0x18 zephyr/kernel/libkernel.a(atomic_c.c.obj)
                0x000000000800b50e                z_impl_atomic_set
 .text.z_impl_atomic_or
                0x000000000800b526       0x1a zephyr/kernel/libkernel.a(atomic_c.c.obj)
                0x000000000800b526                z_impl_atomic_or
 .text.z_impl_atomic_and
                0x000000000800b540       0x1a zephyr/kernel/libkernel.a(atomic_c.c.obj)
                0x000000000800b540                z_impl_atomic_and
 .text.triggered_work_handler
                0x000000000800b55a       0x30 zephyr/kernel/libkernel.a(poll.c.obj)
 .text.triggered_work_expiration_handler
                0x000000000800b58a       0x16 zephyr/kernel/libkernel.a(poll.c.obj)
 .text.add_event
                0x000000000800b5a0       0x60 zephyr/kernel/libkernel.a(poll.c.obj)
 .text.z_handle_obj_poll_events
                0x000000000800b600       0x38 zephyr/kernel/libkernel.a(poll.c.obj)
                0x000000000800b600                z_handle_obj_poll_events
 .text.k_event_wait_internal
                0x000000000800b638       0x8e zephyr/kernel/libkernel.a(events.c.obj)
 .text.event_walk_op
                0x000000000800b6c6       0x3a zephyr/kernel/libkernel.a(events.c.obj)
 .text.z_impl_k_event_init
                0x000000000800b700        0xa zephyr/kernel/libkernel.a(events.c.obj)
                0x000000000800b700                z_impl_k_event_init
 .text.z_impl_k_event_post
                0x000000000800b70a        0xa zephyr/kernel/libkernel.a(events.c.obj)
                0x000000000800b70a                z_impl_k_event_post
 .text.z_impl_k_event_clear
                0x000000000800b714        0xc zephyr/kernel/libkernel.a(events.c.obj)
                0x000000000800b714                z_impl_k_event_clear
 .text.z_impl_k_event_wait
                0x000000000800b720       0x12 zephyr/kernel/libkernel.a(events.c.obj)
                0x000000000800b720                z_impl_k_event_wait
 .text.k_heap_init
                0x000000000800b732       0x10 zephyr/kernel/libkernel.a(kheap.c.obj)
                0x000000000800b732                k_heap_init
 .text.memcpy   0x000000000800b742       0x12 /home/yeet/zephyr-sdk-0.17.4/arm-zephyr-eabi/bin/../lib/gcc/../../picolibc/arm-zephyr-eabi/lib/thumb/v6-m/nofp/libc.a(memcpy.c.o)
                0x000000000800b742                memcpy
                0x000000000800b742                __aeabi_memcpy
                0x000000000800b742                __aeabi_memcpy4
                0x000000000800b742                __aeabi_memcpy8
 .text.memmove  0x000000000800b754       0x26 /home/yeet/zephyr-sdk-0.17.4/arm-zephyr-eabi/bin/../lib/gcc/../../picolibc/arm-zephyr-eabi/lib/thumb/v6-m/nofp/libc.a(memmove.c.o)
                0x000000000800b754                memmove
                0x000000000800b754                __aeabi_memmove8
                0x000000000800b754                __aeabi_memmove
                0x000000000800b754                __aeabi_memmove4
 .text.memset   0x000000000800b77a       0x10 /home/yeet/zephyr-sdk-0.17.4/arm-zephyr-eabi/bin/../lib/gcc/../../picolibc/arm-zephyr-eabi/lib/thumb/v6-m/nofp/libc.a(memset.c.o)
                0x000000000800b77a                memset
 .text.memcmp   0x000000000800b78a       0x1c /home/yeet/zephyr-sdk-0.17.4/arm-zephyr-eabi/bin/../lib/gcc/../../picolibc/arm-zephyr-eabi/lib/thumb/v6-m/nofp/libc.a(libc_string_memcmp.c.o)
                0x000000000800b78a                memcmp
 .text.strchr   0x000000000800b7a6       0x1c /home/yeet/zephyr-sdk-0.17.4/arm-zephyr-eabi/bin/../lib/gcc/../../picolibc/arm-zephyr-eabi/lib/thumb/v6-m/nofp/libc.a(libc_string_strchr.c.o)
                0x000000000800b7a6                strchr
 .text.strncmp  0x000000000800b7c2       0x22 /home/yeet/zephyr-sdk-0.17.4/arm-zephyr-eabi/bin/../lib/gcc/../../picolibc/arm-zephyr-eabi/lib/thumb/v6-m/nofp/libc.a(libc_string_strncmp.c.o)
                0x000000000800b7c2                strncmp
 .text.strncpy  0x000000000800b7e4       0x22 /home/yeet/zephyr-sdk-0.17.4/arm-zephyr-eabi/bin/../lib/gcc/../../picolibc/arm-zephyr-eabi/lib/thumb/v6-m/nofp/libc.a(libc_string_strncpy.c.o)
                0x000000000800b7e4                strncpy
 .text.strnlen  0x000000000800b806       0x16 /home/yeet/zephyr-sdk-0.17.4/arm-zephyr-eabi/bin/../lib/gcc/../../picolibc/arm-zephyr-eabi/lib/thumb/v6-m/nofp/libc.a(libc_string_strnlen.c.o)
                0x000000000800b806                strnlen
 .text.strstr   0x000000000800b81c       0x2c /home/yeet/zephyr-sdk-0.17.4/arm-zephyr-eabi/bin/../lib/gcc/../../picolibc/arm-zephyr-eabi/lib/thumb/v6-m/nofp/libc.a(libc_string_strstr.c.o)
                0x000000000800b81c                strstr
 .text.__ultoa_invert
                0x000000000800b848      0x10e /home/yeet/zephyr-sdk-0.17.4/arm-zephyr-eabi/bin/../lib/gcc/../../picolibc/arm-zephyr-eabi/lib/thumb/v6-m/nofp/libc.a(libc_tinystdio_vflprintf.c.o)
 .text.__file_str_put
                0x000000000800b956       0x10 /home/yeet/zephyr-sdk-0.17.4/arm-zephyr-eabi/bin/../lib/gcc/../../picolibc/arm-zephyr-eabi/lib/thumb/v6-m/nofp/libc.a(libc_tinystdio_filestrput.c.o)
                0x000000000800b956                __file_str_put
 *(SORT_BY_ALIGNMENT(.TEXT.*))
 *fill*         0x000000000800b966        0x2 
 .TEXT.__aeabi_read_tp
                0x000000000800b968        0xc zephyr/arch/arch/arm/core/cortex_m/libarch__arm__core__cortex_m.a(__aeabi_read_tp.S.obj)
                0x000000000800b968                __aeabi_read_tp